Archive member included because of file (symbol)

/usr/local/ps3dev/portlibs/ppu/lib/libfont.a(libfont.o)
                              main.o (ResetFont)
/home/scristaldi/tiny3d_Estwald_work/fonts/libtiny3d_.a(tiny3d.o)
                              main.o (tiny3d_Init)
/home/scristaldi/tiny3d_Estwald_work/fonts/libtiny3d_.a(mm.o)
                              /home/scristaldi/tiny3d_Estwald_work/fonts/libtiny3d_.a(tiny3d.o) (rsxtiny_MemAlign)
/home/scristaldi/tiny3d_Estwald_work/fonts/libtiny3d_.a(glue.o)
                              /home/scristaldi/tiny3d_Estwald_work/fonts/libtiny3d_.a(tiny3d.o) (rsxtiny_FlushBuffer)
/home/scristaldi/tiny3d_Estwald_work/fonts/libtiny3d_.a(vshader_text_normal.vcg.o)
                              /home/scristaldi/tiny3d_Estwald_work/fonts/libtiny3d_.a(tiny3d.o) (vshader_text_normal_bin)
/home/scristaldi/tiny3d_Estwald_work/fonts/libtiny3d_.a(realityVP.o)
                              /home/scristaldi/tiny3d_Estwald_work/fonts/libtiny3d_.a(tiny3d.o) (rsxtiny_VertexProgramGetInputAttribute)
/home/scristaldi/tiny3d_Estwald_work/fonts/libtiny3d_.a(matrix.o)
                              /home/scristaldi/tiny3d_Estwald_work/fonts/libtiny3d_.a(tiny3d.o) (MatrixVectorMultiply)
/home/scristaldi/tiny3d_Estwald_work/fonts/libtiny3d_.a(commands.o)
                              /home/scristaldi/tiny3d_Estwald_work/fonts/libtiny3d_.a(tiny3d.o) (rsxtiny_MakeCmdSpace)
/home/scristaldi/tiny3d_Estwald_work/fonts/libtiny3d_.a(rsxutil.o)
                              /home/scristaldi/tiny3d_Estwald_work/fonts/libtiny3d_.a(tiny3d.o) (waitFlip)
/home/scristaldi/tiny3d_Estwald_work/fonts/libtiny3d_.a(buffer.o)
                              /home/scristaldi/tiny3d_Estwald_work/fonts/libtiny3d_.a(commands.o) (tiny_rsxContextCallback)
/usr/local/ps3dev/psl1ght/ppu/lib/libgcm_sys.a(sprx.o)
                              /home/scristaldi/tiny3d_Estwald_work/fonts/libtiny3d_.a(rsxutil.o) (gcmSetFlip)
/usr/local/ps3dev/psl1ght/ppu/lib/libio.a(sprx.o)
                              main.o (ioPadInit)
/usr/local/ps3dev/psl1ght/ppu/lib/libsysutil.a(sprx.o)
                              /home/scristaldi/tiny3d_Estwald_work/fonts/libtiny3d_.a(rsxutil.o) (videoConfigure)
/usr/local/ps3dev/psl1ght/ppu/lib/libsysutil.a(sysutil_wrapper.o)
                              /home/scristaldi/tiny3d_Estwald_work/fonts/libtiny3d_.a(tiny3d.o) (sysUtilRegisterCallback)
/usr/local/ps3dev/psl1ght/ppu/lib/librt.a(sbrk.o)
                              /usr/local/ps3dev/ppu/lib/gcc/powerpc64-ps3-elf/7.2.0/../../../../powerpc64-ps3-elf/lib/lv2-crt0.o (__librt_sbrk_r)
/usr/local/ps3dev/psl1ght/ppu/lib/librt.a(exit.o)
                              /usr/local/ps3dev/ppu/lib/gcc/powerpc64-ps3-elf/7.2.0/../../../../powerpc64-ps3-elf/lib/lv2-crt0.o (__librt_exit)
/usr/local/ps3dev/psl1ght/ppu/lib/librt.a(close.o)
                              /usr/local/ps3dev/ppu/lib/gcc/powerpc64-ps3-elf/7.2.0/../../../../powerpc64-ps3-elf/lib/lv2-crt0.o (__librt_close_r)
/usr/local/ps3dev/psl1ght/ppu/lib/librt.a(lseek.o)
                              /usr/local/ps3dev/ppu/lib/gcc/powerpc64-ps3-elf/7.2.0/../../../../powerpc64-ps3-elf/lib/lv2-crt0.o (__librt_lseek_r)
/usr/local/ps3dev/psl1ght/ppu/lib/librt.a(read.o)
                              /usr/local/ps3dev/ppu/lib/gcc/powerpc64-ps3-elf/7.2.0/../../../../powerpc64-ps3-elf/lib/lv2-crt0.o (__librt_read_r)
/usr/local/ps3dev/psl1ght/ppu/lib/librt.a(open.o)
                              /usr/local/ps3dev/ppu/lib/gcc/powerpc64-ps3-elf/7.2.0/../../../../powerpc64-ps3-elf/lib/lv2-crt0.o (__librt_open_r)
/usr/local/ps3dev/psl1ght/ppu/lib/librt.a(sleep.o)
                              /usr/local/ps3dev/ppu/lib/gcc/powerpc64-ps3-elf/7.2.0/../../../../powerpc64-ps3-elf/lib/lv2-crt0.o (__librt_usleep_r)
/usr/local/ps3dev/psl1ght/ppu/lib/librt.a(write.o)
                              /usr/local/ps3dev/ppu/lib/gcc/powerpc64-ps3-elf/7.2.0/../../../../powerpc64-ps3-elf/lib/lv2-crt0.o (__librt_write_r)
/usr/local/ps3dev/psl1ght/ppu/lib/librt.a(fstat.o)
                              /usr/local/ps3dev/ppu/lib/gcc/powerpc64-ps3-elf/7.2.0/../../../../powerpc64-ps3-elf/lib/lv2-crt0.o (__librt_fstat_r)
/usr/local/ps3dev/psl1ght/ppu/lib/librt.a(socket.o)
                              /usr/local/ps3dev/psl1ght/ppu/lib/librt.a(write.o) (send)
/usr/local/ps3dev/psl1ght/ppu/lib/librt.a(lock.o)
                              /usr/local/ps3dev/ppu/lib/gcc/powerpc64-ps3-elf/7.2.0/../../../../powerpc64-ps3-elf/lib/lv2-crt0.o (__librt_sys_lwmutex_create_r)
/usr/local/ps3dev/psl1ght/ppu/lib/librt.a(dirent.o)
                              /usr/local/ps3dev/ppu/lib/gcc/powerpc64-ps3-elf/7.2.0/../../../../powerpc64-ps3-elf/lib/lv2-crt0.o (__librt_opendir_r)
/usr/local/ps3dev/psl1ght/ppu/lib/librt.a(mkdir.o)
                              /usr/local/ps3dev/ppu/lib/gcc/powerpc64-ps3-elf/7.2.0/../../../../powerpc64-ps3-elf/lib/lv2-crt0.o (__librt_mkdir_r)
/usr/local/ps3dev/psl1ght/ppu/lib/librt.a(times.o)
[...]
Memory Configuration

Name             Origin             Length             Attributes
*default*        0x0000000000000000 0xffffffffffffffff

Linker script and memory map

                0x0000000000010000                PROVIDE (__executable_start, 0x10000)
                0x0000000000010200                . = (0x10000 + SIZEOF_HEADERS)

.interp
 *(.interp)

.hash
 *(.hash)

.dynsym
 *(.dynsym)

.dynstr
 *(.dynstr)

.gnu.version
 *(.gnu.version)

.gnu.version_d
 *(.gnu.version_d)

.gnu.version_r
 *(.gnu.version_r)

.rel.dyn
 *(.rel.init)
 *(.rel.text .rel.text.* .rel.gnu.linkonce.t.*)
 *(.rel.fini)
 *(.rel.rodata .rel.rodata.* .rel.gnu.linkonce.r.*)
 *(.rel.data.rel.ro*)
 *(.rel.data .rel.data.* .rel.gnu.linkonce.d.*)
 *(.rel.tdata .rel.tdata.* .rel.gnu.linkonce.td.*)
 *(.rel.tbss .rel.tbss.* .rel.gnu.linkonce.tb.*)
 *(.rel.ctors)
 *(.rel.dtors)
 *(.rel.got)
 *(.rel.sdata .rel.sdata.* .rel.gnu.linkonce.s.*)
 *(.rel.sbss .rel.sbss.* .rel.gnu.linkonce.sb.*)
 *(.rel.sdata2 .rel.sdata2.* .rel.gnu.linkonce.s2.*)
 *(.rel.sbss2 .rel.sbss2.* .rel.gnu.linkonce.sb2.*)
 *(.rel.bss .rel.bss.* .rel.gnu.linkonce.b.*)

.rela.dyn       0x0000000000010200        0x0
 *(.rela.init)
 *(.rela.text .rela.text.* .rela.gnu.linkonce.t.*)
 *(.rela.fini)
 *(.rela.rodata .rela.rodata.* .rela.gnu.linkonce.r.*)
 *(.rela.data .rela.data.* .rela.gnu.linkonce.d.*)
 *(.rela.tdata .rela.tdata.* .rela.gnu.linkonce.td.*)
 *(.rela.tbss .rela.tbss.* .rela.gnu.linkonce.tb.*)
 *(.rela.ctors)
 *(.rela.dtors)
 *(.rela.got)
 *(.rela.toc)
 .rela.toc      0x0000000000000000        0x0 linker stubs
 *(.rela.sdata .rela.sdata.* .rela.gnu.linkonce.s.*)
 *(.rela.sbss .rela.sbss.* .rela.gnu.linkonce.sb.*)
 *(.rela.sdata2 .rela.sdata2.* .rela.gnu.linkonce.s2.*)
 *(.rela.sbss2 .rela.sbss2.* .rela.gnu.linkonce.sb2.*)
 *(.rela.bss .rela.bss.* .rela.gnu.linkonce.b.*)
 .rela.iplt     0x0000000000000000        0x0 linker stubs
 .rela.sys_proc_prx_param
                0x0000000000000000        0x0 linker stubs
 .rela.opd      0x0000000000000000        0x0 linker stubs

.rel.plt
 *(.rel.plt)

.rela.plt
 *(.rela.plt)

.rela.tocbss
 *(.rela.tocbss)

.init           0x0000000000010200       0x2c
 *(.init)
 .init          0x0000000000010200        0xc /usr/local/ps3dev/ppu/lib/gcc/powerpc64-ps3-elf/7.2.0/../../../../powerpc64-ps3-elf/lib/lv2-crti.o
                0x0000000000010200                ._init
 .init          0x000000000001020c        0x8 /usr/local/ps3dev/ppu/lib/gcc/powerpc64-ps3-elf/7.2.0/crtbegin.o
 .init          0x0000000000010214        0x8 /usr/local/ps3dev/ppu/lib/gcc/powerpc64-ps3-elf/7.2.0/crtend.o
 .init          0x000000000001021c       0x10 /usr/local/ps3dev/ppu/lib/gcc/powerpc64-ps3-elf/7.2.0/../../../../powerpc64-ps3-elf/lib/lv2-crtn.o

.text           0x0000000000010230    0x23d84
 *(.text .stub .text.* .gnu.linkonce.t.*)
 .text          0x0000000000010230        0x0 /usr/local/ps3dev/ppu/lib/gcc/powerpc64-ps3-elf/7.2.0/../../../../powerpc64-ps3-elf/lib/lv2-crti.o
 .text          0x0000000000010230        0x0 /usr/local/ps3dev/ppu/lib/gcc/powerpc64-ps3-elf/7.2.0/crtbegin.o
 .text.deregister_tm_clones
                0x0000000000010230       0x54 /usr/local/ps3dev/ppu/lib/gcc/powerpc64-ps3-elf/7.2.0/crtbegin.o
 *fill*         0x0000000000010284        0x4 60000000
 .text.register_tm_clones
                0x0000000000010288       0x60 /usr/local/ps3dev/ppu/lib/gcc/powerpc64-ps3-elf/7.2.0/crtbegin.o
 .text.__do_global_dtors_aux
                0x00000000000102e8       0xd4 /usr/local/ps3dev/ppu/lib/gcc/powerpc64-ps3-elf/7.2.0/crtbegin.o
 *fill*         0x00000000000103bc        0x4 60000000
 .text.frame_dummy
                0x00000000000103c0       0x38 /usr/local/ps3dev/ppu/lib/gcc/powerpc64-ps3-elf/7.2.0/crtbegin.o
 .text          0x00000000000103f8       0x58 /usr/local/ps3dev/ppu/lib/gcc/powerpc64-ps3-elf/7.2.0/../../../../powerpc64-ps3-elf/lib/lv2-crt0.o
                0x00000000000103f8                ._start
 .text.startup.__syscalls_init
                0x0000000000010450      0x134 /usr/local/ps3dev/ppu/lib/gcc/powerpc64-ps3-elf/7.2.0/../../../../powerpc64-ps3-elf/lib/lv2-crt0.o
 *fill*         0x0000000000010584        0x4 60000000
 .text._initialize
                0x0000000000010588       0x40 /usr/local/ps3dev/ppu/lib/gcc/powerpc64-ps3-elf/7.2.0/../../../../powerpc64-ps3-elf/lib/lv2-crt0.o
                0x0000000000010588                ._initialize
 .text          0x00000000000105c8        0x0 /usr/local/ps3dev/ppu/lib/gcc/powerpc64-ps3-elf/7.2.0/../../../../powerpc64-ps3-elf/lib/lv2-sprx.o
 .text          0x00000000000105c8        0x0 msxfont.o
 .text          0x00000000000105c8        0x0 main.o
 .text.DrawBackground2D
                0x00000000000105c8       0xdc main.o
                0x00000000000105c8                .DrawBackground2D
 *fill*         0x00000000000106a4        0x4 60000000
 .text.drawScene
                0x00000000000106a8      0x2b8 main.o
                0x00000000000106a8                .drawScene
 .text.LoadTexture
                0x0000000000010960       0xc8 main.o
                0x0000000000010960                .LoadTexture
 .text.startup.main
                0x0000000000010a28      0x130 main.o
                0x0000000000010a28                .main
 .text          0x0000000000010b58        0x0 font_b.o
 .text          0x0000000000010b58        0x0 font.o
 .text          0x0000000000010b58        0x0 /usr/local/ps3dev/portlibs/ppu/lib/libfont.a(libfont.o)
 .text.i_must_break_line
                0x0000000000010b58      0x134 /usr/local/ps3dev/portlibs/ppu/lib/libfont.a(libfont.o)
 *fill*         0x0000000000010c8c        0x4 60000000
 .text.ResetFont
                0x0000000000010c90       0x68 /usr/local/ps3dev/portlibs/ppu/lib/libfont.a(libfont.o)
                0x0000000000010c90                .ResetFont
 .text.AddFontFromBitmapArray
                0x0000000000010cf8      0x418 /usr/local/ps3dev/portlibs/ppu/lib/libfont.a(libfont.o)
                0x0000000000010cf8                .AddFontFromBitmapArray
 .text.AddFontFromTTF
                0x0000000000011110      0x424 /usr/local/ps3dev/portlibs/ppu/lib/libfont.a(libfont.o)
                0x0000000000011110                .AddFontFromTTF
 *fill*         0x0000000000011534        0x4 60000000
 .text.SetCurrentFont
                0x0000000000011538       0x44 /usr/local/ps3dev/portlibs/ppu/lib/libfont.a(libfont.o)
                0x0000000000011538                .SetCurrentFont
 *fill*         0x000000000001157c        0x4 60000000
 .text.SetFontSize
                0x0000000000011580       0x3c /usr/local/ps3dev/portlibs/ppu/lib/libfont.a(libfont.o)
                0x0000000000011580                .SetFontSize
 *fill*         0x00000000000115bc        0x4 60000000
 .text.SetFontColor
                0x00000000000115c0       0x1c /usr/local/ps3dev/portlibs/ppu/lib/libfont.a(libfont.o)
                0x00000000000115c0                .SetFontColor
 *fill*         0x00000000000115dc        0x4 60000000
 .text.SetFontTextureMethod
                0x00000000000115e0       0x18 /usr/local/ps3dev/portlibs/ppu/lib/libfont.a(libfont.o)
                0x00000000000115e0                .SetFontTextureMethod
 .text.SetDoubleTextureModule
                0x00000000000115f8       0x1c /usr/local/ps3dev/portlibs/ppu/lib/libfont.a(libfont.o)
                0x00000000000115f8                .SetDoubleTextureModule
 *fill*         0x0000000000011614        0x4 60000000
 .text.SetFontAutoCenter
                0x0000000000011618       0x20 /usr/local/ps3dev/portlibs/ppu/lib/libfont.a(libfont.o)
                0x0000000000011618                .SetFontAutoCenter
 .text.SetFontAutoNewLine
                0x0000000000011638       0x20 /usr/local/ps3dev/portlibs/ppu/lib/libfont.a(libfont.o)
                0x0000000000011638                .SetFontAutoNewLine
 .text.SetFontZ
                0x0000000000011658       0x18 /usr/local/ps3dev/portlibs/ppu/lib/libfont.a(libfont.o)
                0x0000000000011658                .SetFontZ
 .text.GetFontX
                0x0000000000011670       0x18 /usr/local/ps3dev/portlibs/ppu/lib/libfont.a(libfont.o)
                0x0000000000011670                .GetFontX
 .text.GetFontY
                0x0000000000011688       0x18 /usr/local/ps3dev/portlibs/ppu/lib/libfont.a(libfont.o)
                0x0000000000011688                .GetFontY
 .text.SetFontScreenLimits
                0x00000000000116a0       0x1c /usr/local/ps3dev/portlibs/ppu/lib/libfont.a(libfont.o)
                0x00000000000116a0                .SetFontScreenLimits
 *fill*         0x00000000000116bc        0x4 60000000
 .text.DrawChar
                0x00000000000116c0      0xa74 /usr/local/ps3dev/portlibs/ppu/lib/libfont.a(libfont.o)
                0x00000000000116c0                .DrawChar
 *fill*         0x0000000000012134        0x4 60000000
 .text.DrawString
                0x0000000000012138      0x2f8 /usr/local/ps3dev/portlibs/ppu/lib/libfont.a(libfont.o)
                0x0000000000012138                .DrawString
 .text.DrawFormatString
                0x0000000000012430      0x320 /usr/local/ps3dev/portlibs/ppu/lib/libfont.a(libfont.o)
                0x0000000000012430                .DrawFormatString
 .text          0x0000000000012750        0x0 /home/scristaldi/tiny3d_Estwald_work/fonts/libtiny3d_.a(tiny3d.o)
 .text.put_vertex
                0x0000000000012750      0x1c8 /home/scristaldi/tiny3d_Estwald_work/fonts/libtiny3d_.a(tiny3d.o)
 .text.push_list_cmd
                0x0000000000012918      0x16c /home/scristaldi/tiny3d_Estwald_work/fonts/libtiny3d_.a(tiny3d.o)
 *fill*         0x0000000000012a84        0x4 60000000
 .text.tiny3d_Exit
                0x0000000000012a88      0x180 /home/scristaldi/tiny3d_Estwald_work/fonts/libtiny3d_.a(tiny3d.o)
                0x0000000000012a88                .tiny3d_Exit
 .text.tiny3d_callback
                0x0000000000012c08      0x180 /home/scristaldi/tiny3d_Estwald_work/fonts/libtiny3d_.a(tiny3d.o)
 .text.Update_With_Normal
                0x0000000000012d88      0x29c /home/scristaldi/tiny3d_Estwald_work/fonts/libtiny3d_.a(tiny3d.o)
 *fill*         0x0000000000013024        0x4 60000000
 .text.set_shader_context.part.8
                0x0000000000013028      0x318 /home/scristaldi/tiny3d_Estwald_work/fonts/libtiny3d_.a(tiny3d.o)
 .text.push_normal_list
                0x0000000000013340      0x198 /home/scristaldi/tiny3d_Estwald_work/fonts/libtiny3d_.a(tiny3d.o)
 .text.push_position_list
                0x00000000000134d8      0x1b0 /home/scristaldi/tiny3d_Estwald_work/fonts/libtiny3d_.a(tiny3d.o)
 .text.debugPrintf
                0x0000000000013688       0x88 /home/scristaldi/tiny3d_Estwald_work/fonts/libtiny3d_.a(tiny3d.o)
                0x0000000000013688                .debugPrintf
 .text.debugInit
                0x0000000000013710       0xa4 /home/scristaldi/tiny3d_Estwald_work/fonts/libtiny3d_.a(tiny3d.o)
                0x0000000000013710                .debugInit
 *fill*         0x00000000000137b4        0x4 60000000
 .text.tiny3d_alarm
                0x00000000000137b8       0x10 /home/scristaldi/tiny3d_Estwald_work/fonts/libtiny3d_.a(tiny3d.o)
                0x00000000000137b8                .tiny3d_alarm
 .text.tiny3d_RecordList
                0x00000000000137c8       0xac /home/scristaldi/tiny3d_Estwald_work/fonts/libtiny3d_.a(tiny3d.o)
                0x00000000000137c8                .tiny3d_RecordList
 *fill*         0x0000000000013874        0x4 60000000
 .text.tiny3d_StopList
                0x0000000000013878      0x14c /home/scristaldi/tiny3d_Estwald_work/fonts/libtiny3d_.a(tiny3d.o)
                0x0000000000013878                .tiny3d_StopList
 *fill*         0x00000000000139c4        0x4 60000000
 .text.tiny3d_FreeList
                0x00000000000139c8       0xb4 /home/scristaldi/tiny3d_Estwald_work/fonts/libtiny3d_.a(tiny3d.o)
                0x00000000000139c8                .tiny3d_FreeList
 *fill*         0x0000000000013a7c        0x4 60000000
 .text.tiny3d_DynamicMatrixList
                0x0000000000013a80      0x104 /home/scristaldi/tiny3d_Estwald_work/fonts/libtiny3d_.a(tiny3d.o)
                0x0000000000013a80                .tiny3d_DynamicMatrixList
 *fill*         0x0000000000013b84        0x4 60000000
 .text.tiny3d_ApplyMatrixList
                0x0000000000013b88       0xc8 /home/scristaldi/tiny3d_Estwald_work/fonts/libtiny3d_.a(tiny3d.o)
                0x0000000000013b88                .tiny3d_ApplyMatrixList
 .text.tiny3d_Init
                0x0000000000013c50      0x544 /home/scristaldi/tiny3d_Estwald_work/fonts/libtiny3d_.a(tiny3d.o)
                0x0000000000013c50                .tiny3d_Init
 *fill*         0x0000000000014194        0x4 60000000
 .text.tiny3d_SetPolygon
                0x0000000000014198      0x230 /home/scristaldi/tiny3d_Estwald_work/fonts/libtiny3d_.a(tiny3d.o)
                0x0000000000014198                .tiny3d_SetPolygon
 .text.tiny3d_VertexPos
                0x00000000000143c8       0xc8 /home/scristaldi/tiny3d_Estwald_work/fonts/libtiny3d_.a(tiny3d.o)
                0x00000000000143c8                .tiny3d_VertexPos
 .text.tiny3d_VertexPos4
                0x0000000000014490       0xc8 /home/scristaldi/tiny3d_Estwald_work/fonts/libtiny3d_.a(tiny3d.o)
                0x0000000000014490                .tiny3d_VertexPos4
 .text.tiny3d_VertexPosVector
                0x0000000000014558       0xd8 /home/scristaldi/tiny3d_Estwald_work/fonts/libtiny3d_.a(tiny3d.o)
                0x0000000000014558                .tiny3d_VertexPosVector
 .text.tiny3d_VertexColor
                0x0000000000014630       0xcc /home/scristaldi/tiny3d_Estwald_work/fonts/libtiny3d_.a(tiny3d.o)
                0x0000000000014630                .tiny3d_VertexColor
 *fill*         0x00000000000146fc        0x4 60000000
 .text.tiny3d_VertexFcolor
                0x0000000000014700      0x114 /home/scristaldi/tiny3d_Estwald_work/fonts/libtiny3d_.a(tiny3d.o)
                0x0000000000014700                .tiny3d_VertexFcolor
 *fill*         0x0000000000014814        0x4 60000000
 .text.tiny3d_VertexTexture
                0x0000000000014818       0xe4 /home/scristaldi/tiny3d_Estwald_work/fonts/libtiny3d_.a(tiny3d.o)
                0x0000000000014818                .tiny3d_VertexTexture
 *fill*         0x00000000000148fc        0x4 60000000
 .text.tiny3d_VertexTexture2
                0x0000000000014900       0xe4 /home/scristaldi/tiny3d_Estwald_work/fonts/libtiny3d_.a(tiny3d.o)
                0x0000000000014900                .tiny3d_VertexTexture2
 *fill*         0x00000000000149e4        0x4 60000000
 .text.tiny3d_Normal
                0x00000000000149e8       0x48 /home/scristaldi/tiny3d_Estwald_work/fonts/libtiny3d_.a(tiny3d.o)
                0x00000000000149e8                .tiny3d_Normal
 .text.tiny3d_NormalVector
                0x0000000000014a30       0x58 /home/scristaldi/tiny3d_Estwald_work/fonts/libtiny3d_.a(tiny3d.o)
                0x0000000000014a30                .tiny3d_NormalVector
 .text.tiny3d_End
                0x0000000000014a88      0x5e8 /home/scristaldi/tiny3d_Estwald_work/fonts/libtiny3d_.a(tiny3d.o)
                0x0000000000014a88                .tiny3d_End
 .text.tiny3d_SetMatrixModelView
                0x0000000000015070      0x1dc /home/scristaldi/tiny3d_Estwald_work/fonts/libtiny3d_.a(tiny3d.o)
                0x0000000000015070                .tiny3d_SetMatrixModelView
 *fill*         0x000000000001524c        0x4 60000000
 .text.tiny3d_SetProjectionMatrix
                0x0000000000015250       0xd8 /home/scristaldi/tiny3d_Estwald_work/fonts/libtiny3d_.a(tiny3d.o)
                0x0000000000015250                .tiny3d_SetProjectionMatrix
 .text.tiny3d_Flip
                0x0000000000015328      0x110 /home/scristaldi/tiny3d_Estwald_work/fonts/libtiny3d_.a(tiny3d.o)
                0x0000000000015328                .tiny3d_Flip
 .text.tiny3d_UserViewport
                0x0000000000015438       0x60 /home/scristaldi/tiny3d_Estwald_work/fonts/libtiny3d_.a(tiny3d.o)
                0x0000000000015438                .tiny3d_UserViewport
 .text.tiny3d_UserViewport2
                0x0000000000015498       0x58 /home/scristaldi/tiny3d_Estwald_work/fonts/libtiny3d_.a(tiny3d.o)
                0x0000000000015498                .tiny3d_UserViewport2
 .text.tiny3d_UserViewportSurface
                0x00000000000154f0       0x28 /home/scristaldi/tiny3d_Estwald_work/fonts/libtiny3d_.a(tiny3d.o)
                0x00000000000154f0                .tiny3d_UserViewportSurface
 .text.tiny3d_Project2D
                0x0000000000015518      0x330 /home/scristaldi/tiny3d_Estwald_work/fonts/libtiny3d_.a(tiny3d.o)
                0x0000000000015518                .tiny3d_Project2D
 .text.tiny3d_Project3D
                0x0000000000015848      0x208 /home/scristaldi/tiny3d_Estwald_work/fonts/libtiny3d_.a(tiny3d.o)
                0x0000000000015848                .tiny3d_Project3D
 .text.tiny3d_Clear
                0x0000000000015a50      0x36c /home/scristaldi/tiny3d_Estwald_work/fonts/libtiny3d_.a(tiny3d.o)
                0x0000000000015a50                .tiny3d_Clear
 *fill*         0x0000000000015dbc        0x4 60000000
 .text.tiny3d_ClearSurface
                0x0000000000015dc0      0x204 /home/scristaldi/tiny3d_Estwald_work/fonts/libtiny3d_.a(tiny3d.o)
                0x0000000000015dc0                .tiny3d_ClearSurface
 *fill*         0x0000000000015fc4        0x4 60000000
 .text.tiny3d_AlphaTest
                0x0000000000015fc8       0x84 /home/scristaldi/tiny3d_Estwald_work/fonts/libtiny3d_.a(tiny3d.o)
                0x0000000000015fc8                .tiny3d_AlphaTest
 *fill*         0x000000000001604c        0x4 60000000
 .text.tiny3d_BlendFunc
                0x0000000000016050       0x80 /home/scristaldi/tiny3d_Estwald_work/fonts/libtiny3d_.a(tiny3d.o)
                0x0000000000016050                .tiny3d_BlendFunc
 .text.tiny3d_SetTextureWrap
                0x00000000000160d0      0x1d8 /home/scristaldi/tiny3d_Estwald_work/fonts/libtiny3d_.a(tiny3d.o)
                0x00000000000160d0                .tiny3d_SetTextureWrap
 .text.tiny3d_SetTexture
                0x00000000000162a8      0x120 /home/scristaldi/tiny3d_Estwald_work/fonts/libtiny3d_.a(tiny3d.o)
                0x00000000000162a8                .tiny3d_SetTexture
 .text.tiny3d_AllocTexture
                0x00000000000163c8       0x38 /home/scristaldi/tiny3d_Estwald_work/fonts/libtiny3d_.a(tiny3d.o)
                0x00000000000163c8                .tiny3d_AllocTexture
 .text.tiny3d_TextureOffset
                0x0000000000016400       0x40 /home/scristaldi/tiny3d_Estwald_work/fonts/libtiny3d_.a(tiny3d.o)
                0x0000000000016400                .tiny3d_TextureOffset
 .text.tiny3d_EmissiveMaterial
                0x0000000000016440      0x104 /home/scristaldi/tiny3d_Estwald_work/fonts/libtiny3d_.a(tiny3d.o)
                0x0000000000016440                .tiny3d_EmissiveMaterial
 *fill*         0x0000000000016544        0x4 60000000
 .text.tiny3d_AmbientMaterial
                0x0000000000016548      0x104 /home/scristaldi/tiny3d_Estwald_work/fonts/libtiny3d_.a(tiny3d.o)
                0x0000000000016548                .tiny3d_AmbientMaterial
 *fill*         0x000000000001664c        0x4 60000000
 .text.tiny3d_DiffuseMaterial
                0x0000000000016650      0x104 /home/scristaldi/tiny3d_Estwald_work/fonts/libtiny3d_.a(tiny3d.o)
                0x0000000000016650                .tiny3d_DiffuseMaterial
 *fill*         0x0000000000016754        0x4 60000000
 .text.tiny3d_SpecularMaterial
                0x0000000000016758      0x104 /home/scristaldi/tiny3d_Estwald_work/fonts/libtiny3d_.a(tiny3d.o)
                0x0000000000016758                .tiny3d_SpecularMaterial
 *fill*         0x000000000001685c        0x4 60000000
 .text.tiny3d_SetLightCameraPosition
                0x0000000000016860       0x3c /home/scristaldi/tiny3d_Estwald_work/fonts/libtiny3d_.a(tiny3d.o)
                0x0000000000016860                .tiny3d_SetLightCameraPosition
 *fill*         0x000000000001689c        0x4 60000000
 .text.tiny3d_SetLight
                0x00000000000168a0       0xd4 /home/scristaldi/tiny3d_Estwald_work/fonts/libtiny3d_.a(tiny3d.o)
                0x00000000000168a0                .tiny3d_SetLight
 *fill*         0x0000000000016974        0x4 60000000
 .text.tiny3d_SetLightsOff
                0x0000000000016978       0x3c /home/scristaldi/tiny3d_Estwald_work/fonts/libtiny3d_.a(tiny3d.o)
                0x0000000000016978                .tiny3d_SetLightsOff
 *fill*         0x00000000000169b4        0x4 60000000
 .text.tiny3d_SetAmbientLight
                0x00000000000169b8       0x3c /home/scristaldi/tiny3d_Estwald_work/fonts/libtiny3d_.a(tiny3d.o)
                0x00000000000169b8                .tiny3d_SetAmbientLight
 *fill*         0x00000000000169f4        0x4 60000000
 .text.tiny3d_SelMultiTexturesMethod
                0x00000000000169f8       0xc0 /home/scristaldi/tiny3d_Estwald_work/fonts/libtiny3d_.a(tiny3d.o)
                0x00000000000169f8                .tiny3d_SelMultiTexturesMethod
 .text.tiny3d_DrawList
                0x0000000000016ab8      0x58c /home/scristaldi/tiny3d_Estwald_work/fonts/libtiny3d_.a(tiny3d.o)
                0x0000000000016ab8                .tiny3d_DrawList
 *fill*         0x0000000000017044        0x4 60000000
 .text.tiny3d_MenuActive
                0x0000000000017048       0x1c /home/scristaldi/tiny3d_Estwald_work/fonts/libtiny3d_.a(tiny3d.o)
                0x0000000000017048                .tiny3d_MenuActive
 *fill*         0x0000000000017064        0x4 60000000
 .text.tiny3d_Enable_YUV
                0x0000000000017068       0x2c /home/scristaldi/tiny3d_Estwald_work/fonts/libtiny3d_.a(tiny3d.o)
                0x0000000000017068                .tiny3d_Enable_YUV
 *fill*         0x0000000000017094        0x4 60000000
 .text.tiny3d_Disable_YUV
                0x0000000000017098       0x28 /home/scristaldi/tiny3d_Estwald_work/fonts/libtiny3d_.a(tiny3d.o)
                0x0000000000017098                .tiny3d_Disable_YUV
 .text.tiny3d_Dirty_Status
                0x00000000000170c0       0x78 /home/scristaldi/tiny3d_Estwald_work/fonts/libtiny3d_.a(tiny3d.o)
                0x00000000000170c0                .tiny3d_Dirty_Status
 .text.tiny3d_Get_GCM_Context
                0x0000000000017138       0x18 /home/scristaldi/tiny3d_Estwald_work/fonts/libtiny3d_.a(tiny3d.o)
                0x0000000000017138                .tiny3d_Get_GCM_Context
 .text.tiny3d_DoCmd_Space
                0x0000000000017150       0x6c /home/scristaldi/tiny3d_Estwald_work/fonts/libtiny3d_.a(tiny3d.o)
                0x0000000000017150                .tiny3d_DoCmd_Space
 .text          0x00000000000171bc        0x0 /home/scristaldi/tiny3d_Estwald_work/fonts/libtiny3d_.a(mm.o)
 *fill*         0x00000000000171bc        0x4 60000000
 .text.rsxtiny_MemAlign
                0x00000000000171c0      0x134 /home/scristaldi/tiny3d_Estwald_work/fonts/libtiny3d_.a(mm.o)
                0x00000000000171c0                .rsxtiny_MemAlign
 *fill*         0x00000000000172f4        0x4 60000000
 .text.rsxtiny_Mem
                0x00000000000172f8       0x18 /home/scristaldi/tiny3d_Estwald_work/fonts/libtiny3d_.a(mm.o)
                0x00000000000172f8                .rsxtiny_Mem
 .text          0x0000000000017310        0x0 /home/scristaldi/tiny3d_Estwald_work/fonts/libtiny3d_.a(glue.o)
 .text.rsxtiny_FlushBuffer
                0x0000000000017310       0x78 /home/scristaldi/tiny3d_Estwald_work/fonts/libtiny3d_.a(glue.o)
                0x0000000000017310                .rsxtiny_FlushBuffer
 .text.rsxtiny_Init
                0x0000000000017388       0x54 /home/scristaldi/tiny3d_Estwald_work/fonts/libtiny3d_.a(glue.o)
                0x0000000000017388                .rsxtiny_Init
 *fill*         0x00000000000173dc        0x4 60000000
 .text.rsxtiny_AddressToOffset
                0x00000000000173e0       0x30 /home/scristaldi/tiny3d_Estwald_work/fonts/libtiny3d_.a(glue.o)
                0x00000000000173e0                .rsxtiny_AddressToOffset
 .text          0x0000000000017410        0x0 /home/scristaldi/tiny3d_Estwald_work/fonts/libtiny3d_.a(vshader_text_normal.vcg.o)
 .text          0x0000000000017410        0x0 /home/scristaldi/tiny3d_Estwald_work/fonts/libtiny3d_.a(realityVP.o)
 .text.rsxtiny_VertexProgramGetUCode
                0x0000000000017410       0x18 /home/scristaldi/tiny3d_Estwald_work/fonts/libtiny3d_.a(realityVP.o)
                0x0000000000017410                .rsxtiny_VertexProgramGetUCode
 .text.rsxtiny_VertexProgramGetInputMask
                0x0000000000017428       0x14 /home/scristaldi/tiny3d_Estwald_work/fonts/libtiny3d_.a(realityVP.o)
                0x0000000000017428                .rsxtiny_VertexProgramGetInputMask
 *fill*         0x000000000001743c        0x4 60000000
 .text.rsxtiny_VertexProgramGetOutputMask
                0x0000000000017440       0x14 /home/scristaldi/tiny3d_Estwald_work/fonts/libtiny3d_.a(realityVP.o)
                0x0000000000017440                .rsxtiny_VertexProgramGetOutputMask
 *fill*         0x0000000000017454        0x4 60000000
 .text.rsxtiny_VertexProgramGetAttributes
                0x0000000000017458       0x18 /home/scristaldi/tiny3d_Estwald_work/fonts/libtiny3d_.a(realityVP.o)
                0x0000000000017458                .rsxtiny_VertexProgramGetAttributes
 .text.rsxtiny_VertexProgramGetInputAttribute
                0x0000000000017470       0xc8 /home/scristaldi/tiny3d_Estwald_work/fonts/libtiny3d_.a(realityVP.o)
                0x0000000000017470                .rsxtiny_VertexProgramGetInputAttribute
 .text.rsxtiny_VertexProgramGetConstants
                0x0000000000017538       0x18 /home/scristaldi/tiny3d_Estwald_work/fonts/libtiny3d_.a(realityVP.o)
                0x0000000000017538                .rsxtiny_VertexProgramGetConstants
 .text.rsxtiny_VertexProgramGetConstant
                0x0000000000017550       0xc8 /home/scristaldi/tiny3d_Estwald_work/fonts/libtiny3d_.a(realityVP.o)
                0x0000000000017550                .rsxtiny_VertexProgramGetConstant
 .text          0x0000000000017618        0x0 /home/scristaldi/tiny3d_Estwald_work/fonts/libtiny3d_.a(matrix.o)
 .text.MatrixProjPerspective
                0x0000000000017618      0x108 /home/scristaldi/tiny3d_Estwald_work/fonts/libtiny3d_.a(matrix.o)
                0x0000000000017618                .MatrixProjPerspective
 .text.MatrixVectorMultiply
                0x0000000000017720       0xac /home/scristaldi/tiny3d_Estwald_work/fonts/libtiny3d_.a(matrix.o)
                0x0000000000017720                .MatrixVectorMultiply
 *fill*         0x00000000000177cc        0x4 60000000
 .text.MatrixVectorMultiply3x3
                0x00000000000177d0       0x8c /home/scristaldi/tiny3d_Estwald_work/fonts/libtiny3d_.a(matrix.o)
                0x00000000000177d0                .MatrixVectorMultiply3x3
 *fill*         0x000000000001785c        0x4 60000000
 .text.MatrixMultiply
                0x0000000000017860      0x2f4 /home/scristaldi/tiny3d_Estwald_work/fonts/libtiny3d_.a(matrix.o)
                0x0000000000017860                .MatrixMultiply
 *fill*         0x0000000000017b54        0x4 60000000
 .text.MatrixIdentity
                0x0000000000017b58       0x54 /home/scristaldi/tiny3d_Estwald_work/fonts/libtiny3d_.a(matrix.o)
                0x0000000000017b58                .MatrixIdentity
 *fill*         0x0000000000017bac        0x4 60000000
 .text.MatrixTranslation
                0x0000000000017bb0       0x58 /home/scristaldi/tiny3d_Estwald_work/fonts/libtiny3d_.a(matrix.o)
                0x0000000000017bb0                .MatrixTranslation
 .text.MatrixTranspose
                0x0000000000017c08       0xb0 /home/scristaldi/tiny3d_Estwald_work/fonts/libtiny3d_.a(matrix.o)
                0x0000000000017c08                .MatrixTranspose
 .text.MatrixScale
                0x0000000000017cb8       0x60 /home/scristaldi/tiny3d_Estwald_work/fonts/libtiny3d_.a(matrix.o)
                0x0000000000017cb8                .MatrixScale
 .text.MatrixRotationX
                0x0000000000017d18       0xbc /home/scristaldi/tiny3d_Estwald_work/fonts/libtiny3d_.a(matrix.o)
                0x0000000000017d18                .MatrixRotationX
 *fill*         0x0000000000017dd4        0x4 60000000
 .text.MatrixRotationY
                0x0000000000017dd8       0xbc /home/scristaldi/tiny3d_Estwald_work/fonts/libtiny3d_.a(matrix.o)
                0x0000000000017dd8                .MatrixRotationY
 *fill*         0x0000000000017e94        0x4 60000000
 .text.MatrixRotationZ
                0x0000000000017e98       0xac /home/scristaldi/tiny3d_Estwald_work/fonts/libtiny3d_.a(matrix.o)
                0x0000000000017e98                .MatrixRotationZ
 *fill*         0x0000000000017f44        0x4 60000000
 .text.MatrixRotationAxis
                0x0000000000017f48      0x2b0 /home/scristaldi/tiny3d_Estwald_work/fonts/libtiny3d_.a(matrix.o)
                0x0000000000017f48                .MatrixRotationAxis
 .text.VectorToUnit
                0x00000000000181f8       0xc4 /home/scristaldi/tiny3d_Estwald_work/fonts/libtiny3d_.a(matrix.o)
                0x00000000000181f8                .VectorToUnit
 *fill*         0x00000000000182bc        0x4 60000000
 .text.VectorNormalPlane
                0x00000000000182c0       0xdc /home/scristaldi/tiny3d_Estwald_work/fonts/libtiny3d_.a(matrix.o)
                0x00000000000182c0                .VectorNormalPlane
 *fill*         0x000000000001839c        0x4 60000000
 .text.MakeLookAtMatrix
                0x00000000000183a0      0x2f0 /home/scristaldi/tiny3d_Estwald_work/fonts/libtiny3d_.a(matrix.o)
                0x00000000000183a0                .MakeLookAtMatrix
 .text          0x0000000000018690        0x0 /home/scristaldi/tiny3d_Estwald_work/fonts/libtiny3d_.a(commands.o)
 .text.rsxtiny_MakeCmdSpace
                0x0000000000018690      0x104 /home/scristaldi/tiny3d_Estwald_work/fonts/libtiny3d_.a(commands.o)
                0x0000000000018690                .rsxtiny_MakeCmdSpace
 *fill*         0x0000000000018794        0x4 60000000
 .text.rsxtiny_SetReferenceCommand
                0x0000000000018798      0x128 /home/scristaldi/tiny3d_Estwald_work/fonts/libtiny3d_.a(commands.o)
                0x0000000000018798                .rsxtiny_SetReferenceCommand
 .text.rsxtiny_SetWriteBackendLabel
                0x00000000000188c0      0x168 /home/scristaldi/tiny3d_Estwald_work/fonts/libtiny3d_.a(commands.o)
                0x00000000000188c0                .rsxtiny_SetWriteBackendLabel
 .text.rsxtiny_SetWaitLabel
                0x0000000000018a28      0x150 /home/scristaldi/tiny3d_Estwald_work/fonts/libtiny3d_.a(commands.o)
                0x0000000000018a28                .rsxtiny_SetWaitLabel
 .text.rsxtiny_SetScissor
                0x0000000000018b78      0x168 /home/scristaldi/tiny3d_Estwald_work/fonts/libtiny3d_.a(commands.o)
                0x0000000000018b78                .rsxtiny_SetScissor
 .text.rsxtiny_SetClearColor
                0x0000000000018ce0      0x128 /home/scristaldi/tiny3d_Estwald_work/fonts/libtiny3d_.a(commands.o)
                0x0000000000018ce0                .rsxtiny_SetClearColor
 .text.rsxtiny_SetClearDepthValue
                0x0000000000018e08      0x128 /home/scristaldi/tiny3d_Estwald_work/fonts/libtiny3d_.a(commands.o)
                0x0000000000018e08                .rsxtiny_SetClearDepthValue
 .text.rsxtiny_Nop
                0x0000000000018f30      0x118 /home/scristaldi/tiny3d_Estwald_work/fonts/libtiny3d_.a(commands.o)
                0x0000000000018f30                .rsxtiny_Nop
 .text.rsxtiny_ClearBuffers
                0x0000000000019048      0x140 /home/scristaldi/tiny3d_Estwald_work/fonts/libtiny3d_.a(commands.o)
                0x0000000000019048                .rsxtiny_ClearBuffers
 .text.rsxtiny_SetRenderSurface
                0x0000000000019188      0x198 /home/scristaldi/tiny3d_Estwald_work/fonts/libtiny3d_.a(commands.o)
                0x0000000000019188                .rsxtiny_SetRenderSurface
 .text.rsxtiny_SelectRenderTarget
                0x0000000000019320      0x218 /home/scristaldi/tiny3d_Estwald_work/fonts/libtiny3d_.a(commands.o)
                0x0000000000019320                .rsxtiny_SelectRenderTarget
 .text.rsxtiny_Viewport
                0x0000000000019538      0x140 /home/scristaldi/tiny3d_Estwald_work/fonts/libtiny3d_.a(commands.o)
                0x0000000000019538                .rsxtiny_Viewport
 .text.rsxtiny_ViewportClip
                0x0000000000019678      0x160 /home/scristaldi/tiny3d_Estwald_work/fonts/libtiny3d_.a(commands.o)
                0x0000000000019678                .rsxtiny_ViewportClip
 .text.rsxtiny_VertexBegin
                0x00000000000197d8      0x128 /home/scristaldi/tiny3d_Estwald_work/fonts/libtiny3d_.a(commands.o)
                0x00000000000197d8                .rsxtiny_VertexBegin
 .text.rsxtiny_VertexEnd
                0x0000000000019900      0x118 /home/scristaldi/tiny3d_Estwald_work/fonts/libtiny3d_.a(commands.o)
                0x0000000000019900                .rsxtiny_VertexEnd
 .text.rsxtiny_Vertex4f
                0x0000000000019a18      0x170 /home/scristaldi/tiny3d_Estwald_work/fonts/libtiny3d_.a(commands.o)
                0x0000000000019a18                .rsxtiny_Vertex4f
 .text.rsxtiny_TexCoord2f
                0x0000000000019b88      0x140 /home/scristaldi/tiny3d_Estwald_work/fonts/libtiny3d_.a(commands.o)
                0x0000000000019b88                .rsxtiny_TexCoord2f
 .text.rsxtiny_SetVertexProgramConstant4f
                0x0000000000019cc8      0x158 /home/scristaldi/tiny3d_Estwald_work/fonts/libtiny3d_.a(commands.o)
                0x0000000000019cc8                .rsxtiny_SetVertexProgramConstant4f
 .text.rsxtiny_LoadVertexProgram
                0x0000000000019e20      0x2d0 /home/scristaldi/tiny3d_Estwald_work/fonts/libtiny3d_.a(commands.o)
                0x0000000000019e20                .rsxtiny_LoadVertexProgram
 .text.rsxtiny_SetVertexProgramConstant4fBlock
                0x000000000001a0f0      0x174 /home/scristaldi/tiny3d_Estwald_work/fonts/libtiny3d_.a(commands.o)
                0x000000000001a0f0                .rsxtiny_SetVertexProgramConstant4fBlock
 *fill*         0x000000000001a264        0x4 60000000
 .text.rsxtiny_InstallFragmentProgram
                0x000000000001a268       0x70 /home/scristaldi/tiny3d_Estwald_work/fonts/libtiny3d_.a(commands.o)
                0x000000000001a268                .rsxtiny_InstallFragmentProgram
 .text.rsxtiny_LoadFragmentProgram
                0x000000000001a2d8      0x158 /home/scristaldi/tiny3d_Estwald_work/fonts/libtiny3d_.a(commands.o)
                0x000000000001a2d8                .rsxtiny_LoadFragmentProgram
 .text.rsxtiny_InvalidateTextureCache
                0x000000000001a430      0x128 /home/scristaldi/tiny3d_Estwald_work/fonts/libtiny3d_.a(commands.o)
                0x000000000001a430                .rsxtiny_InvalidateTextureCache
 .text.rsxtiny_SetTexture
                0x000000000001a558      0x1a0 /home/scristaldi/tiny3d_Estwald_work/fonts/libtiny3d_.a(commands.o)
                0x000000000001a558                .rsxtiny_SetTexture
 .text.rsxtiny_ViewportTranslate
                0x000000000001a6f8      0x170 /home/scristaldi/tiny3d_Estwald_work/fonts/libtiny3d_.a(commands.o)
                0x000000000001a6f8                .rsxtiny_ViewportTranslate
 .text.rsxtiny_ViewportScale
                0x000000000001a868      0x170 /home/scristaldi/tiny3d_Estwald_work/fonts/libtiny3d_.a(commands.o)
                0x000000000001a868                .rsxtiny_ViewportScale
 .text.rsxtiny_CullFace
                0x000000000001a9d8      0x128 /home/scristaldi/tiny3d_Estwald_work/fonts/libtiny3d_.a(commands.o)
                0x000000000001a9d8                .rsxtiny_CullFace
 .text.rsxtiny_FrontFace
                0x000000000001ab00      0x128 /home/scristaldi/tiny3d_Estwald_work/fonts/libtiny3d_.a(commands.o)
                0x000000000001ab00                .rsxtiny_FrontFace
 .text.rsxtiny_CullEnable
                0x000000000001ac28      0x128 /home/scristaldi/tiny3d_Estwald_work/fonts/libtiny3d_.a(commands.o)
                0x000000000001ac28                .rsxtiny_CullEnable
 .text.rsxtiny_AlphaEnable
                0x000000000001ad50      0x128 /home/scristaldi/tiny3d_Estwald_work/fonts/libtiny3d_.a(commands.o)
                0x000000000001ad50                .rsxtiny_AlphaEnable
 .text.rsxtiny_AlphaRef
                0x000000000001ae78      0x128 /home/scristaldi/tiny3d_Estwald_work/fonts/libtiny3d_.a(commands.o)
                0x000000000001ae78                .rsxtiny_AlphaRef
 .text.rsxtiny_AlphaFunc
                0x000000000001afa0      0x128 /home/scristaldi/tiny3d_Estwald_work/fonts/libtiny3d_.a(commands.o)
                0x000000000001afa0                .rsxtiny_AlphaFunc
 .text.rsxtiny_BlendEnable
                0x000000000001b0c8      0x128 /home/scristaldi/tiny3d_Estwald_work/fonts/libtiny3d_.a(commands.o)
                0x000000000001b0c8                .rsxtiny_BlendEnable
 .text.rsxtiny_BlendEquation
                0x000000000001b1f0      0x128 /home/scristaldi/tiny3d_Estwald_work/fonts/libtiny3d_.a(commands.o)
                0x000000000001b1f0                .rsxtiny_BlendEquation
 .text.rsxtiny_BlendFunc
                0x000000000001b318      0x138 /home/scristaldi/tiny3d_Estwald_work/fonts/libtiny3d_.a(commands.o)
                0x000000000001b318                .rsxtiny_BlendFunc
 .text.rsxtiny_ZControl
                0x000000000001b450      0x158 /home/scristaldi/tiny3d_Estwald_work/fonts/libtiny3d_.a(commands.o)
                0x000000000001b450                .rsxtiny_ZControl
 .text.rsxtiny_BindVertexBufferAttribute
                0x000000000001b5a8      0x1a8 /home/scristaldi/tiny3d_Estwald_work/fonts/libtiny3d_.a(commands.o)
                0x000000000001b5a8                .rsxtiny_BindVertexBufferAttribute
 .text.rsxtiny_VertexInvalidate
                0x000000000001b750      0x120 /home/scristaldi/tiny3d_Estwald_work/fonts/libtiny3d_.a(commands.o)
                0x000000000001b750                .rsxtiny_VertexInvalidate
 .text.rsxtiny_DrawVertexBuffer
                0x000000000001b870      0x30c /home/scristaldi/tiny3d_Estwald_work/fonts/libtiny3d_.a(commands.o)
                0x000000000001b870                .rsxtiny_DrawVertexBuffer
 *fill*         0x000000000001bb7c        0x4 60000000
 .text.rsxtiny_DrawVertexBufferIndex
                0x000000000001bb80      0x34c /home/scristaldi/tiny3d_Estwald_work/fonts/libtiny3d_.a(commands.o)
                0x000000000001bb80                .rsxtiny_DrawVertexBufferIndex
 *fill*         0x000000000001becc        0x4 60000000
 .text.rsxtiny_DepthTestEnable
                0x000000000001bed0      0x128 /home/scristaldi/tiny3d_Estwald_work/fonts/libtiny3d_.a(commands.o)
                0x000000000001bed0                .rsxtiny_DepthTestEnable
 .text.rsxtiny_DepthTestFunc
                0x000000000001bff8      0x128 /home/scristaldi/tiny3d_Estwald_work/fonts/libtiny3d_.a(commands.o)
                0x000000000001bff8                .rsxtiny_DepthTestFunc
 .text.rsxtiny_DepthWriteEnable
                0x000000000001c120      0x128 /home/scristaldi/tiny3d_Estwald_work/fonts/libtiny3d_.a(commands.o)
                0x000000000001c120                .rsxtiny_DepthWriteEnable
 .text          0x000000000001c248        0x0 /home/scristaldi/tiny3d_Estwald_work/fonts/libtiny3d_.a(rsxutil.o)
 .text.waitFlip
                0x000000000001c248       0xbc /home/scristaldi/tiny3d_Estwald_work/fonts/libtiny3d_.a(rsxutil.o)
                0x000000000001c248                .waitFlip
 *fill*         0x000000000001c304        0x4 60000000
 .text.flip     0x000000000001c308       0x5c /home/scristaldi/tiny3d_Estwald_work/fonts/libtiny3d_.a(rsxutil.o)
                0x000000000001c308                .flip
 *fill*         0x000000000001c364        0x4 60000000
 .text.init_screen
                0x000000000001c368      0x354 /home/scristaldi/tiny3d_Estwald_work/fonts/libtiny3d_.a(rsxutil.o)
                0x000000000001c368                .init_screen
 *fill*         0x000000000001c6bc        0x4 60000000
 .text.setupRenderTarget
                0x000000000001c6c0      0x108 /home/scristaldi/tiny3d_Estwald_work/fonts/libtiny3d_.a(rsxutil.o)
                0x000000000001c6c0                .setupRenderTarget
 .text.setupRenderTarget2
                0x000000000001c7c8      0x130 /home/scristaldi/tiny3d_Estwald_work/fonts/libtiny3d_.a(rsxutil.o)
                0x000000000001c7c8                .setupRenderTarget2
 .text          0x000000000001c8f8        0x0 /home/scristaldi/tiny3d_Estwald_work/fonts/libtiny3d_.a(buffer.o)
 .text.tiny_rsxContextCallback
                0x000000000001c8f8       0x50 /home/scristaldi/tiny3d_Estwald_work/fonts/libtiny3d_.a(buffer.o)
                0x000000000001c8f8                .tiny_rsxContextCallback
 .text.commandBufferPut
                0x000000000001c948       0x20 /home/scristaldi/tiny3d_Estwald_work/fonts/libtiny3d_.a(buffer.o)
                0x000000000001c948                .commandBufferPut
 .text          0x000000000001c968        0x0 /usr/local/ps3dev/psl1ght/ppu/lib/libgcm_sys.a(sprx.o)
 .text          0x000000000001c968        0x0 /usr/local/ps3dev/psl1ght/ppu/lib/libio.a(sprx.o)
 .text          0x000000000001c968        0x0 /usr/local/ps3dev/psl1ght/ppu/lib/libsysutil.a(sprx.o)
 .text          0x000000000001c968        0x0 /usr/local/ps3dev/psl1ght/ppu/lib/libsysutil.a(sysutil_wrapper.o)
 .text.sysUtilRegisterCallback
                0x000000000001c968       0x34 /usr/local/ps3dev/psl1ght/ppu/lib/libsysutil.a(sysutil_wrapper.o)
                0x000000000001c968                .sysUtilRegisterCallback
 *fill*         0x000000000001c99c        0x4 60000000
 .text.msgDialogOpen
                0x000000000001c9a0       0x34 /usr/local/ps3dev/psl1ght/ppu/lib/libsysutil.a(sysutil_wrapper.o)
                0x000000000001c9a0                .msgDialogOpen
 *fill*         0x000000000001c9d4        0x4 60000000
 .text.msgDialogOpen2
                0x000000000001c9d8       0x34 /usr/local/ps3dev/psl1ght/ppu/lib/libsysutil.a(sysutil_wrapper.o)
                0x000000000001c9d8                .msgDialogOpen2
 *fill*         0x000000000001ca0c        0x4 60000000
 .text.msgDialogOpenErrorCode
                0x000000000001ca10       0x34 /usr/local/ps3dev/psl1ght/ppu/lib/libsysutil.a(sysutil_wrapper.o)
                0x000000000001ca10                .msgDialogOpenErrorCode
 *fill*         0x000000000001ca44        0x4 60000000
 .text.sysSaveListLoad2
                0x000000000001ca48       0x3c /usr/local/ps3dev/psl1ght/ppu/lib/libsysutil.a(sysutil_wrapper.o)
                0x000000000001ca48                .sysSaveListLoad2
 *fill*         0x000000000001ca84        0x4 60000000
 .text.sysSaveListSave2
                0x000000000001ca88       0x3c /usr/local/ps3dev/psl1ght/ppu/lib/libsysutil.a(sysutil_wrapper.o)
                0x000000000001ca88                .sysSaveListSave2
 *fill*         0x000000000001cac4        0x4 60000000
 .text.sysSaveListAutoLoad
                0x000000000001cac8       0x44 /usr/local/ps3dev/psl1ght/ppu/lib/libsysutil.a(sysutil_wrapper.o)
                0x000000000001cac8                .sysSaveListAutoLoad
 *fill*         0x000000000001cb0c        0x4 60000000
 .text.sysSaveListAutoSave
                0x000000000001cb10       0x44 /usr/local/ps3dev/psl1ght/ppu/lib/libsysutil.a(sysutil_wrapper.o)
                0x000000000001cb10                .sysSaveListAutoSave
 *fill*         0x000000000001cb54        0x4 60000000
 .text.sysSaveFixedLoad2
                0x000000000001cb58       0x3c /usr/local/ps3dev/psl1ght/ppu/lib/libsysutil.a(sysutil_wrapper.o)
                0x000000000001cb58                .sysSaveFixedLoad2
 *fill*         0x000000000001cb94        0x4 60000000
 .text.sysSaveFixedSave2
                0x000000000001cb98       0x3c /usr/local/ps3dev/psl1ght/ppu/lib/libsysutil.a(sysutil_wrapper.o)
                0x000000000001cb98                .sysSaveFixedSave2
 *fill*         0x000000000001cbd4        0x4 60000000
 .text.sysSaveAutoLoad2
                0x000000000001cbd8       0x38 /usr/local/ps3dev/psl1ght/ppu/lib/libsysutil.a(sysutil_wrapper.o)
                0x000000000001cbd8                .sysSaveAutoLoad2
 .text.sysSaveAutoSave2
                0x000000000001cc10       0x38 /usr/local/ps3dev/psl1ght/ppu/lib/libsysutil.a(sysutil_wrapper.o)
                0x000000000001cc10                .sysSaveAutoSave2
 .text.sysGameThemeInstallFromBuffer
                0x000000000001cc48       0x34 /usr/local/ps3dev/psl1ght/ppu/lib/libsysutil.a(sysutil_wrapper.o)
                0x000000000001cc48                .sysGameThemeInstallFromBuffer
 *fill*         0x000000000001cc7c        0x4 60000000
 .text.sysDiscRegisterDiscChangeCallback
                0x000000000001cc80       0x38 /usr/local/ps3dev/psl1ght/ppu/lib/libsysutil.a(sysutil_wrapper.o)
                0x000000000001cc80                .sysDiscRegisterDiscChangeCallback
 .text.sysGameDiscRegisterDiscChangeCallback
                0x000000000001ccb8       0x10 /usr/local/ps3dev/psl1ght/ppu/lib/libsysutil.a(sysutil_wrapper.o)
                0x000000000001ccb8                .sysGameDiscRegisterDiscChangeCallback
 .text          0x000000000001ccc8        0x0 /usr/local/ps3dev/psl1ght/ppu/lib/librt.a(sbrk.o)
 .text.startup.sbrk_init
                0x000000000001ccc8       0xb8 /usr/local/ps3dev/psl1ght/ppu/lib/librt.a(sbrk.o)
 .text.sbrk_deinit
                0x000000000001cd80       0xc8 /usr/local/ps3dev/psl1ght/ppu/lib/librt.a(sbrk.o)
 .text.__librt_sbrk_r
                0x000000000001ce48      0x2f4 /usr/local/ps3dev/psl1ght/ppu/lib/librt.a(sbrk.o)
                0x000000000001ce48                .__librt_sbrk_r
 .text          0x000000000001d13c        0x0 /usr/local/ps3dev/psl1ght/ppu/lib/librt.a(exit.o)
 *fill*         0x000000000001d13c        0x4 60000000
 .text.__librt_exit
                0x000000000001d140       0x30 /usr/local/ps3dev/psl1ght/ppu/lib/librt.a(exit.o)
                0x000000000001d140                .__librt_exit
 .text          0x000000000001d170        0x0 /usr/local/ps3dev/psl1ght/ppu/lib/librt.a(close.o)
 .text.__librt_close_r
                0x000000000001d170       0x88 /usr/local/ps3dev/psl1ght/ppu/lib/librt.a(close.o)
                0x000000000001d170                .__librt_close_r
 .text          0x000000000001d1f8        0x0 /usr/local/ps3dev/psl1ght/ppu/lib/librt.a(lseek.o)
 .text.__librt_lseek_r
                0x000000000001d1f8       0x8c /usr/local/ps3dev/psl1ght/ppu/lib/librt.a(lseek.o)
                0x000000000001d1f8                .__librt_lseek_r
 *fill*         0x000000000001d284        0x4 60000000
 .text.__librt_lseek64_r
                0x000000000001d288       0x10 /usr/local/ps3dev/psl1ght/ppu/lib/librt.a(lseek.o)
                0x000000000001d288                .__librt_lseek64_r
 .text          0x000000000001d298        0x0 /usr/local/ps3dev/psl1ght/ppu/lib/librt.a(read.o)
 .text.__librt_read_r
                0x000000000001d298      0x10c /usr/local/ps3dev/psl1ght/ppu/lib/librt.a(read.o)
                0x000000000001d298                .__librt_read_r
 .text          0x000000000001d3a4        0x0 /usr/local/ps3dev/psl1ght/ppu/lib/librt.a(open.o)
 *fill*         0x000000000001d3a4        0x4 60000000
 .text.__librt_open_r
                0x000000000001d3a8      0x180 /usr/local/ps3dev/psl1ght/ppu/lib/librt.a(open.o)
                0x000000000001d3a8                .__librt_open_r
 .text          0x000000000001d528        0x0 /usr/local/ps3dev/psl1ght/ppu/lib/librt.a(sleep.o)
 .text.__librt_usleep_r
                0x000000000001d528       0x50 /usr/local/ps3dev/psl1ght/ppu/lib/librt.a(sleep.o)
                0x000000000001d528                .__librt_usleep_r
 .text.__librt_sleep_r
                0x000000000001d578       0x6c /usr/local/ps3dev/psl1ght/ppu/lib/librt.a(sleep.o)
                0x000000000001d578                .__librt_sleep_r
 .text          0x000000000001d5e4        0x0 /usr/local/ps3dev/psl1ght/ppu/lib/librt.a(write.o)
 *fill*         0x000000000001d5e4        0x4 60000000
 .text.__librt_write_r
                0x000000000001d5e8      0x104 /usr/local/ps3dev/psl1ght/ppu/lib/librt.a(write.o)
                0x000000000001d5e8                .__librt_write_r
 .text          0x000000000001d6ec        0x0 /usr/local/ps3dev/psl1ght/ppu/lib/librt.a(fstat.o)
 *fill*         0x000000000001d6ec        0x4 60000000
 .text.__librt_fstat_r
                0x000000000001d6f0       0xd0 /usr/local/ps3dev/psl1ght/ppu/lib/librt.a(fstat.o)
                0x000000000001d6f0                .__librt_fstat_r
 .text.__librt_fstat64_r
                0x000000000001d7c0       0x10 /usr/local/ps3dev/psl1ght/ppu/lib/librt.a(fstat.o)
                0x000000000001d7c0                .__librt_fstat64_r
 .text.__librt_stat_r
                0x000000000001d7d0       0xd0 /usr/local/ps3dev/psl1ght/ppu/lib/librt.a(fstat.o)
                0x000000000001d7d0                .__librt_stat_r
 .text.__librt_stat64_r
                0x000000000001d8a0       0x10 /usr/local/ps3dev/psl1ght/ppu/lib/librt.a(fstat.o)
                0x000000000001d8a0                .__librt_stat64_r
 .text          0x000000000001d8b0        0x0 /usr/local/ps3dev/psl1ght/ppu/lib/librt.a(socket.o)
 .text.accept   0x000000000001d8b0       0xe0 /usr/local/ps3dev/psl1ght/ppu/lib/librt.a(socket.o)
                0x000000000001d8b0                .accept
 .text.bind     0x000000000001d990       0x44 /usr/local/ps3dev/psl1ght/ppu/lib/librt.a(socket.o)
                0x000000000001d990                .bind
 *fill*         0x000000000001d9d4        0x4 60000000
 .text.connect  0x000000000001d9d8       0x44 /usr/local/ps3dev/psl1ght/ppu/lib/librt.a(socket.o)
                0x000000000001d9d8                .connect
 *fill*         0x000000000001da1c        0x4 60000000
 .text.listen   0x000000000001da20       0x44 /usr/local/ps3dev/psl1ght/ppu/lib/librt.a(socket.o)
                0x000000000001da20                .listen
 *fill*         0x000000000001da64        0x4 60000000
 .text.socket   0x000000000001da68       0x5c /usr/local/ps3dev/psl1ght/ppu/lib/librt.a(socket.o)
                0x000000000001da68                .socket
 *fill*         0x000000000001dac4        0x4 60000000
 .text.send     0x000000000001dac8       0x4c /usr/local/ps3dev/psl1ght/ppu/lib/librt.a(socket.o)
                0x000000000001dac8                .send
 *fill*         0x000000000001db14        0x4 60000000
 .text.sendto   0x000000000001db18       0x44 /usr/local/ps3dev/psl1ght/ppu/lib/librt.a(socket.o)
                0x000000000001db18                .sendto
 *fill*         0x000000000001db5c        0x4 60000000
 .text.recv     0x000000000001db60       0x4c /usr/local/ps3dev/psl1ght/ppu/lib/librt.a(socket.o)
                0x000000000001db60                .recv
 *fill*         0x000000000001dbac        0x4 60000000
 .text.recvfrom
                0x000000000001dbb0       0xd8 /usr/local/ps3dev/psl1ght/ppu/lib/librt.a(socket.o)
                0x000000000001dbb0                .recvfrom
 .text.shutdown
                0x000000000001dc88       0x44 /usr/local/ps3dev/psl1ght/ppu/lib/librt.a(socket.o)
                0x000000000001dc88                .shutdown
 *fill*         0x000000000001dccc        0x4 60000000
 .text.inet_aton
                0x000000000001dcd0       0xbc /usr/local/ps3dev/psl1ght/ppu/lib/librt.a(socket.o)
                0x000000000001dcd0                .inet_aton
 *fill*         0x000000000001dd8c        0x4 60000000
 .text.inet_pton
                0x000000000001dd90       0x48 /usr/local/ps3dev/psl1ght/ppu/lib/librt.a(socket.o)
                0x000000000001dd90                .inet_pton
 .text.select   0x000000000001ddd8       0x3c /usr/local/ps3dev/psl1ght/ppu/lib/librt.a(socket.o)
                0x000000000001ddd8                .select
 *fill*         0x000000000001de14        0x4 60000000
 .text.closesocket
                0x000000000001de18       0x44 /usr/local/ps3dev/psl1ght/ppu/lib/librt.a(socket.o)
                0x000000000001de18                .closesocket
 .text          0x000000000001de5c        0x0 /usr/local/ps3dev/psl1ght/ppu/lib/librt.a(lock.o)
 *fill*         0x000000000001de5c        0x4 60000000
 .text.__librt_sys_lwmutex_create_r
                0x000000000001de60       0x38 /usr/local/ps3dev/psl1ght/ppu/lib/librt.a(lock.o)
                0x000000000001de60                .__librt_sys_lwmutex_create_r
 .text.__librt_sys_lwmutex_destroy_r
                0x000000000001de98       0x34 /usr/local/ps3dev/psl1ght/ppu/lib/librt.a(lock.o)
                0x000000000001de98                .__librt_sys_lwmutex_destroy_r
 *fill*         0x000000000001decc        0x4 60000000
 .text.__librt_sys_lwmutex_lock_r
                0x000000000001ded0       0x38 /usr/local/ps3dev/psl1ght/ppu/lib/librt.a(lock.o)
                0x000000000001ded0                .__librt_sys_lwmutex_lock_r
 .text.__librt_sys_lwmutex_trylock_r
                0x000000000001df08       0x34 /usr/local/ps3dev/psl1ght/ppu/lib/librt.a(lock.o)
                0x000000000001df08                .__librt_sys_lwmutex_trylock_r
 *fill*         0x000000000001df3c        0x4 60000000
 .text.__librt_sys_lwmutex_unlock_r
                0x000000000001df40       0x34 /usr/local/ps3dev/psl1ght/ppu/lib/librt.a(lock.o)
                0x000000000001df40                .__librt_sys_lwmutex_unlock_r
 .text          0x000000000001df74        0x0 /usr/local/ps3dev/psl1ght/ppu/lib/librt.a(dirent.o)
 *fill*         0x000000000001df74        0x4 60000000
 .text.readdir_i
                0x000000000001df78      0x10c /usr/local/ps3dev/psl1ght/ppu/lib/librt.a(dirent.o)
 *fill*         0x000000000001e084        0x4 60000000
 .text.__librt_opendir_r
                0x000000000001e088      0x114 /usr/local/ps3dev/psl1ght/ppu/lib/librt.a(dirent.o)
                0x000000000001e088                .__librt_opendir_r
 *fill*         0x000000000001e19c        0x4 60000000
 .text.__librt_readdir_r
                0x000000000001e1a0       0x84 /usr/local/ps3dev/psl1ght/ppu/lib/librt.a(dirent.o)
                0x000000000001e1a0                .__librt_readdir_r
 *fill*         0x000000000001e224        0x4 60000000
 .text.__librt_readdir_r_r
                0x000000000001e228       0x58 /usr/local/ps3dev/psl1ght/ppu/lib/librt.a(dirent.o)
                0x000000000001e228                .__librt_readdir_r_r
 .text.__librt_closedir_r
                0x000000000001e280       0x84 /usr/local/ps3dev/psl1ght/ppu/lib/librt.a(dirent.o)
                0x000000000001e280                .__librt_closedir_r
 *fill*         0x000000000001e304        0x4 60000000
 .text.__librt_telldir_r
                0x000000000001e308       0x24 /usr/local/ps3dev/psl1ght/ppu/lib/librt.a(dirent.o)
                0x000000000001e308                .__librt_telldir_r
 *fill*         0x000000000001e32c        0x4 60000000
 .text.__librt_rewinddir_r
                0x000000000001e330       0x18 /usr/local/ps3dev/psl1ght/ppu/lib/librt.a(dirent.o)
                0x000000000001e330                .__librt_rewinddir_r
 .text.__librt_seekdir_r
                0x000000000001e348       0x18 /usr/local/ps3dev/psl1ght/ppu/lib/librt.a(dirent.o)
                0x000000000001e348                .__librt_seekdir_r
 .text          0x000000000001e360        0x0 /usr/local/ps3dev/psl1ght/ppu/lib/librt.a(mkdir.o)
 .text.__librt_mkdir_r
                0x000000000001e360       0x60 /usr/local/ps3dev/psl1ght/ppu/lib/librt.a(mkdir.o)
                0x000000000001e360                .__librt_mkdir_r
 .text          0x000000000001e3c0        0x0 /usr/local/ps3dev/psl1ght/ppu/lib/librt.a(times.o)
 .text.__librt_times_r
                0x000000000001e3c0       0x1c /usr/local/ps3dev/psl1ght/ppu/lib/librt.a(times.o)
                0x000000000001e3c0                .__librt_times_r
 .text          0x000000000001e3dc        0x0 /usr/local/ps3dev/psl1ght/ppu/lib/librt.a(umask.o)
 *fill*         0x000000000001e3dc        0x4 60000000
 .text.__librt_umask_r
                0x000000000001e3e0       0x20 /usr/local/ps3dev/psl1ght/ppu/lib/librt.a(umask.o)
                0x000000000001e3e0                .__librt_umask_r
 .text          0x000000000001e400        0x0 /usr/local/ps3dev/psl1ght/ppu/lib/librt.a(lv2errno.o)
 .text.lv2error
                0x000000000001e400      0x434 /usr/local/ps3dev/psl1ght/ppu/lib/librt.a(lv2errno.o)
                0x000000000001e400                .lv2error
 *fill*         0x000000000001e834        0x4 60000000
 .text.lv2errno
                0x000000000001e838       0x68 /usr/local/ps3dev/psl1ght/ppu/lib/librt.a(lv2errno.o)
                0x000000000001e838                .lv2errno
 .text.lv2errno_r
                0x000000000001e8a0       0x58 /usr/local/ps3dev/psl1ght/ppu/lib/librt.a(lv2errno.o)
                0x000000000001e8a0                .lv2errno_r
 .text          0x000000000001e8f8        0x0 /usr/local/ps3dev/psl1ght/ppu/lib/librt.a(heap.o)
 .text.heapInit
                0x000000000001e8f8      0x118 /usr/local/ps3dev/psl1ght/ppu/lib/librt.a(heap.o)
                0x000000000001e8f8                .heapInit
 .text.heapAllocate
                0x000000000001ea10      0x184 /usr/local/ps3dev/psl1ght/ppu/lib/librt.a(heap.o)
                0x000000000001ea10                .heapAllocate
 *fill*         0x000000000001eb94        0x4 60000000
 .text.heapAllocateAligned
                0x000000000001eb98      0x224 /usr/local/ps3dev/psl1ght/ppu/lib/librt.a(heap.o)
                0x000000000001eb98                .heapAllocateAligned
 *fill*         0x000000000001edbc        0x4 60000000
 .text.heapFree
                0x000000000001edc0      0x238 /usr/local/ps3dev/psl1ght/ppu/lib/librt.a(heap.o)
                0x000000000001edc0                .heapFree
 .text          0x000000000001eff8        0x0 /usr/local/ps3dev/psl1ght/ppu/lib/librt.a(chmod.o)
 .text.__librt_chmod_r
                0x000000000001eff8       0x54 /usr/local/ps3dev/psl1ght/ppu/lib/librt.a(chmod.o)
                0x000000000001eff8                .__librt_chmod_r
 .text          0x000000000001f04c        0x0 /usr/local/ps3dev/psl1ght/ppu/lib/librt.a(rmdir.o)
 *fill*         0x000000000001f04c        0x4 60000000
 .text.__librt_rmdir_r
                0x000000000001f050       0x50 /usr/local/ps3dev/psl1ght/ppu/lib/librt.a(rmdir.o)
                0x000000000001f050                .__librt_rmdir_r
 .text          0x000000000001f0a0        0x0 /usr/local/ps3dev/psl1ght/ppu/lib/librt.a(isatty.o)
 .text.__librt_isatty_r
                0x000000000001f0a0       0x2c /usr/local/ps3dev/psl1ght/ppu/lib/librt.a(isatty.o)
                0x000000000001f0a0                .__librt_isatty_r
 .text          0x000000000001f0cc        0x0 /usr/local/ps3dev/psl1ght/ppu/lib/librt.a(gettod.o)
 *fill*         0x000000000001f0cc        0x4 60000000
 .text.__librt_gettod_r
                0x000000000001f0d0       0xb8 /usr/local/ps3dev/psl1ght/ppu/lib/librt.a(gettod.o)
                0x000000000001f0d0                .__librt_gettod_r
 .text          0x000000000001f188        0x0 /usr/local/ps3dev/psl1ght/ppu/lib/librt.a(settod.o)
 .text.__librt_settod_r
                0x000000000001f188       0x58 /usr/local/ps3dev/psl1ght/ppu/lib/librt.a(settod.o)
                0x000000000001f188                .__librt_settod_r
 .text          0x000000000001f1e0        0x0 /usr/local/ps3dev/psl1ght/ppu/lib/liblv2.a(sprx.o)
 .text          0x000000000001f1e0        0x0 /usr/local/ps3dev/psl1ght/ppu/lib/libnet.a(sprx.o)
 .text          0x000000000001f1e0        0x0 /usr/local/ps3dev/psl1ght/ppu/lib/libnet.a(init.o)
 .text.netInitialize
                0x000000000001f1e0       0xe8 /usr/local/ps3dev/psl1ght/ppu/lib/libnet.a(init.o)
                0x000000000001f1e0                .netInitialize
 .text.netDeinitialize
                0x000000000001f2c8       0x68 /usr/local/ps3dev/psl1ght/ppu/lib/libnet.a(init.o)
                0x000000000001f2c8                .netDeinitialize
 .text          0x000000000001f330        0x0 /usr/local/ps3dev/psl1ght/ppu/lib/libsysmodule.a(sprx.o)
 .text          0x000000000001f330        0x0 /usr/local/ps3dev/ppu/lib/gcc/powerpc64-ps3-elf/7.2.0/../../../../powerpc64-ps3-elf/lib/libm.a(lib_a-sf_cos.o)
 .text.cosf     0x000000000001f330      0x12c /usr/local/ps3dev/ppu/lib/gcc/powerpc64-ps3-elf/7.2.0/../../../../powerpc64-ps3-elf/lib/libm.a(lib_a-sf_cos.o)
                0x000000000001f330                .cosf
 .text          0x000000000001f45c        0x0 /usr/local/ps3dev/ppu/lib/gcc/powerpc64-ps3-elf/7.2.0/../../../../powerpc64-ps3-elf/lib/libm.a(lib_a-sf_sin.o)
 *fill*         0x000000000001f45c        0x4 60000000
 .text.sinf     0x000000000001f460      0x130 /usr/local/ps3dev/ppu/lib/gcc/powerpc64-ps3-elf/7.2.0/../../../../powerpc64-ps3-elf/lib/libm.a(lib_a-sf_sin.o)
                0x000000000001f460                .sinf
 .text          0x000000000001f590        0x0 /usr/local/ps3dev/ppu/lib/gcc/powerpc64-ps3-elf/7.2.0/../../../../powerpc64-ps3-elf/lib/libm.a(lib_a-sf_tan.o)
 .text.tanf     0x000000000001f590       0xb8 /usr/local/ps3dev/ppu/lib/gcc/powerpc64-ps3-elf/7.2.0/../../../../powerpc64-ps3-elf/lib/libm.a(lib_a-sf_tan.o)
                0x000000000001f590                .tanf
 .text          0x000000000001f648        0x0 /usr/local/ps3dev/ppu/lib/gcc/powerpc64-ps3-elf/7.2.0/../../../../powerpc64-ps3-elf/lib/libm.a(lib_a-w_sqrt.o)
 .text.sqrt     0x000000000001f648      0x144 /usr/local/ps3dev/ppu/lib/gcc/powerpc64-ps3-elf/7.2.0/../../../../powerpc64-ps3-elf/lib/libm.a(lib_a-w_sqrt.o)
                0x000000000001f648                .sqrt
 .text          0x000000000001f78c        0x0 /usr/local/ps3dev/ppu/lib/gcc/powerpc64-ps3-elf/7.2.0/../../../../powerpc64-ps3-elf/lib/libm.a(lib_a-wf_sqrt.o)
 *fill*         0x000000000001f78c        0x4 60000000
 .text.sqrtf    0x000000000001f790      0x140 /usr/local/ps3dev/ppu/lib/gcc/powerpc64-ps3-elf/7.2.0/../../../../powerpc64-ps3-elf/lib/libm.a(lib_a-wf_sqrt.o)
                0x000000000001f790                .sqrtf
 .text          0x000000000001f8d0        0x0 /usr/local/ps3dev/ppu/lib/gcc/powerpc64-ps3-elf/7.2.0/../../../../powerpc64-ps3-elf/lib/libm.a(lib_a-e_sqrt.o)
 .text.__ieee754_sqrt
                0x000000000001f8d0      0x308 /usr/local/ps3dev/ppu/lib/gcc/powerpc64-ps3-elf/7.2.0/../../../../powerpc64-ps3-elf/lib/libm.a(lib_a-e_sqrt.o)
                0x000000000001f8d0                .__ieee754_sqrt
 .text          0x000000000001fbd8        0x0 /usr/local/ps3dev/ppu/lib/gcc/powerpc64-ps3-elf/7.2.0/../../../../powerpc64-ps3-elf/lib/libm.a(lib_a-ef_rem_pio2.o)
 .text.__ieee754_rem_pio2f
                0x000000000001fbd8      0x4b4 /usr/local/ps3dev/ppu/lib/gcc/powerpc64-ps3-elf/7.2.0/../../../../powerpc64-ps3-elf/lib/libm.a(lib_a-ef_rem_pio2.o)
                0x000000000001fbd8                .__ieee754_rem_pio2f
 .text          0x000000000002008c        0x0 /usr/local/ps3dev/ppu/lib/gcc/powerpc64-ps3-elf/7.2.0/../../../../powerpc64-ps3-elf/lib/libm.a(lib_a-ef_sqrt.o)
 *fill*         0x000000000002008c        0x4 60000000
 .text.__ieee754_sqrtf
                0x0000000000020090      0x164 /usr/local/ps3dev/ppu/lib/gcc/powerpc64-ps3-elf/7.2.0/../../../../powerpc64-ps3-elf/lib/libm.a(lib_a-ef_sqrt.o)
                0x0000000000020090                .__ieee754_sqrtf
 .text          0x00000000000201f4        0x0 /usr/local/ps3dev/ppu/lib/gcc/powerpc64-ps3-elf/7.2.0/../../../../powerpc64-ps3-elf/lib/libm.a(lib_a-kf_cos.o)
 *fill*         0x00000000000201f4        0x4 60000000
 .text.__kernel_cosf
                0x00000000000201f8      0x1b8 /usr/local/ps3dev/ppu/lib/gcc/powerpc64-ps3-elf/7.2.0/../../../../powerpc64-ps3-elf/lib/libm.a(lib_a-kf_cos.o)
                0x00000000000201f8                .__kernel_cosf
 .text          0x00000000000203b0        0x0 /usr/local/ps3dev/ppu/lib/gcc/powerpc64-ps3-elf/7.2.0/../../../../powerpc64-ps3-elf/lib/libm.a(lib_a-kf_rem_pio2.o)
 .text.__kernel_rem_pio2f
                0x00000000000203b0      0xda4 /usr/local/ps3dev/ppu/lib/gcc/powerpc64-ps3-elf/7.2.0/../../../../powerpc64-ps3-elf/lib/libm.a(lib_a-kf_rem_pio2.o)
                0x00000000000203b0                .__kernel_rem_pio2f
 .text          0x0000000000021154        0x0 /usr/local/ps3dev/ppu/lib/gcc/powerpc64-ps3-elf/7.2.0/../../../../powerpc64-ps3-elf/lib/libm.a(lib_a-kf_sin.o)
 *fill*         0x0000000000021154        0x4 60000000
 .text.__kernel_sinf
                0x0000000000021158       0xd0 /usr/local/ps3dev/ppu/lib/gcc/powerpc64-ps3-elf/7.2.0/../../../../powerpc64-ps3-elf/lib/libm.a(lib_a-kf_sin.o)
                0x0000000000021158                .__kernel_sinf
 .text          0x0000000000021228        0x0 /usr/local/ps3dev/ppu/lib/gcc/powerpc64-ps3-elf/7.2.0/../../../../powerpc64-ps3-elf/lib/libm.a(lib_a-kf_tan.o)
 .text.__kernel_tanf
                0x0000000000021228      0x338 /usr/local/ps3dev/ppu/lib/gcc/powerpc64-ps3-elf/7.2.0/../../../../powerpc64-ps3-elf/lib/libm.a(lib_a-kf_tan.o)
                0x0000000000021228                .__kernel_tanf
 .text          0x0000000000021560        0x0 /usr/local/ps3dev/ppu/lib/gcc/powerpc64-ps3-elf/7.2.0/../../../../powerpc64-ps3-elf/lib/libm.a(lib_a-s_fpclassify.o)
 .text.__fpclassifyd
                0x0000000000021560       0xb8 /usr/local/ps3dev/ppu/lib/gcc/powerpc64-ps3-elf/7.2.0/../../../../powerpc64-ps3-elf/lib/libm.a(lib_a-s_fpclassify.o)
                0x0000000000021560                .__fpclassifyd
 .text          0x0000000000021618        0x0 /usr/local/ps3dev/ppu/lib/gcc/powerpc64-ps3-elf/7.2.0/../../../../powerpc64-ps3-elf/lib/libm.a(lib_a-s_lib_ver.o)
 .text          0x0000000000021618        0x0 /usr/local/ps3dev/ppu/lib/gcc/powerpc64-ps3-elf/7.2.0/../../../../powerpc64-ps3-elf/lib/libm.a(lib_a-s_matherr.o)
 .text.matherr  0x0000000000021618       0x14 /usr/local/ps3dev/ppu/lib/gcc/powerpc64-ps3-elf/7.2.0/../../../../powerpc64-ps3-elf/lib/libm.a(lib_a-s_matherr.o)
                0x0000000000021618                .matherr
 .text          0x000000000002162c        0x0 /usr/local/ps3dev/ppu/lib/gcc/powerpc64-ps3-elf/7.2.0/../../../../powerpc64-ps3-elf/lib/libm.a(lib_a-sf_fabs.o)
 *fill*         0x000000000002162c        0x4 60000000
 .text.fabsf    0x0000000000021630       0x24 /usr/local/ps3dev/ppu/lib/gcc/powerpc64-ps3-elf/7.2.0/../../../../powerpc64-ps3-elf/lib/libm.a(lib_a-sf_fabs.o)
                0x0000000000021630                .fabsf
 .text          0x0000000000021654        0x0 /usr/local/ps3dev/ppu/lib/gcc/powerpc64-ps3-elf/7.2.0/../../../../powerpc64-ps3-elf/lib/libm.a(lib_a-sf_floor.o)
 *fill*         0x0000000000021654        0x4 60000000
 .text.floorf   0x0000000000021658      0x120 /usr/local/ps3dev/ppu/lib/gcc/powerpc64-ps3-elf/7.2.0/../../../../powerpc64-ps3-elf/lib/libm.a(lib_a-sf_floor.o)
                0x0000000000021658                .floorf
 .text          0x0000000000021778        0x0 /usr/local/ps3dev/ppu/lib/gcc/powerpc64-ps3-elf/7.2.0/../../../../powerpc64-ps3-elf/lib/libm.a(lib_a-sf_fpclassify.o)
 .text.__fpclassifyf
                0x0000000000021778       0x68 /usr/local/ps3dev/ppu/lib/gcc/powerpc64-ps3-elf/7.2.0/../../../../powerpc64-ps3-elf/lib/libm.a(lib_a-sf_fpclassify.o)
                0x0000000000021778                .__fpclassifyf
 .text          0x00000000000217e0        0x0 /usr/local/ps3dev/ppu/lib/gcc/powerpc64-ps3-elf/7.2.0/../../../../powerpc64-ps3-elf/lib/libm.a(lib_a-sf_scalbn.o)
 .text.scalbnf  0x00000000000217e0      0x194 /usr/local/ps3dev/ppu/lib/gcc/powerpc64-ps3-elf/7.2.0/../../../../powerpc64-ps3-elf/lib/libm.a(lib_a-sf_scalbn.o)
                0x00000000000217e0                .scalbnf
 .text          0x0000000000021974        0x0 /usr/local/ps3dev/ppu/lib/gcc/powerpc64-ps3-elf/7.2.0/../../../../powerpc64-ps3-elf/lib/libm.a(lib_a-sf_copysign.o)
 *fill*         0x0000000000021974        0x4 60000000
 .text.copysignf
                0x0000000000021978       0x2c /usr/local/ps3dev/ppu/lib/gcc/powerpc64-ps3-elf/7.2.0/../../../../powerpc64-ps3-elf/lib/libm.a(lib_a-sf_copysign.o)
                0x0000000000021978                .copysignf
 .text          0x00000000000219a4        0x0 /usr/local/ps3dev/ppu/lib/gcc/powerpc64-ps3-elf/7.2.0/../../../../powerpc64-ps3-elf/lib/libsysbase.a(syscalls.o)
 .text          0x00000000000219a4        0x0 /usr/local/ps3dev/ppu/lib/gcc/powerpc64-ps3-elf/7.2.0/../../../../powerpc64-ps3-elf/lib/libsysbase.a(sleep.o)
 *fill*         0x00000000000219a4        0x4 60000000
 .text.usleep   0x00000000000219a8       0x80 /usr/local/ps3dev/ppu/lib/gcc/powerpc64-ps3-elf/7.2.0/../../../../powerpc64-ps3-elf/lib/libsysbase.a(sleep.o)
                0x00000000000219a8                .usleep
 .text.sleep    0x0000000000021a28       0x84 /usr/local/ps3dev/ppu/lib/gcc/powerpc64-ps3-elf/7.2.0/../../../../powerpc64-ps3-elf/lib/libsysbase.a(sleep.o)
                0x0000000000021a28                .sleep
 .text          0x0000000000021aac        0x0 /usr/local/ps3dev/ppu/lib/gcc/powerpc64-ps3-elf/7.2.0/../../../../powerpc64-ps3-elf/lib/libc.a(lib_a-atexit.o)
 *fill*         0x0000000000021aac        0x4 60000000
 .text.atexit   0x0000000000021ab0       0x40 /usr/local/ps3dev/ppu/lib/gcc/powerpc64-ps3-elf/7.2.0/../../../../powerpc64-ps3-elf/lib/libc.a(lib_a-atexit.o)
                0x0000000000021ab0                .atexit
 .text          0x0000000000021af0        0x0 /usr/local/ps3dev/ppu/lib/gcc/powerpc64-ps3-elf/7.2.0/../../../../powerpc64-ps3-elf/lib/libc.a(lib_a-calloc.o)
 .text.calloc   0x0000000000021af0       0x58 /usr/local/ps3dev/ppu/lib/gcc/powerpc64-ps3-elf/7.2.0/../../../../powerpc64-ps3-elf/lib/libc.a(lib_a-calloc.o)
                0x0000000000021af0                .calloc
 .text          0x0000000000021b48        0x0 /usr/local/ps3dev/ppu/lib/gcc/powerpc64-ps3-elf/7.2.0/../../../../powerpc64-ps3-elf/lib/libc.a(lib_a-callocr.o)
 .text._calloc_r
                0x0000000000021b48       0xdc /usr/local/ps3dev/ppu/lib/gcc/powerpc64-ps3-elf/7.2.0/../../../../powerpc64-ps3-elf/lib/libc.a(lib_a-callocr.o)
                0x0000000000021b48                ._calloc_r
 .text          0x0000000000021c24        0x0 /usr/local/ps3dev/ppu/lib/gcc/powerpc64-ps3-elf/7.2.0/../../../../powerpc64-ps3-elf/lib/libc.a(lib_a-errno.o)
 *fill*         0x0000000000021c24        0x4 60000000
 .text.__errno  0x0000000000021c28       0x30 /usr/local/ps3dev/ppu/lib/gcc/powerpc64-ps3-elf/7.2.0/../../../../powerpc64-ps3-elf/lib/libc.a(lib_a-errno.o)
                0x0000000000021c28                .__errno
 .text          0x0000000000021c58        0x0 /usr/local/ps3dev/ppu/lib/gcc/powerpc64-ps3-elf/7.2.0/../../../../powerpc64-ps3-elf/lib/libc.a(lib_a-exit.o)
 .text.exit     0x0000000000021c58       0x68 /usr/local/ps3dev/ppu/lib/gcc/powerpc64-ps3-elf/7.2.0/../../../../powerpc64-ps3-elf/lib/libc.a(lib_a-exit.o)
                0x0000000000021c58                .exit
 .text          0x0000000000021cc0        0x0 /usr/local/ps3dev/ppu/lib/gcc/powerpc64-ps3-elf/7.2.0/../../../../powerpc64-ps3-elf/lib/libc.a(lib_a-getreent.o)
 .text.__getreent
                0x0000000000021cc0      0x1b4 /usr/local/ps3dev/ppu/lib/gcc/powerpc64-ps3-elf/7.2.0/../../../../powerpc64-ps3-elf/lib/libc.a(lib_a-getreent.o)
                0x0000000000021cc0                .__getreent
 .text          0x0000000000021e74        0x0 /usr/local/ps3dev/ppu/lib/gcc/powerpc64-ps3-elf/7.2.0/../../../../powerpc64-ps3-elf/lib/libc.a(lib_a-impure.o)
 .text          0x0000000000021e74        0x0 /usr/local/ps3dev/ppu/lib/gcc/powerpc64-ps3-elf/7.2.0/../../../../powerpc64-ps3-elf/lib/libc.a(lib_a-malign.o)
 *fill*         0x0000000000021e74        0x4 60000000
 .text.memalign
                0x0000000000021e78       0x58 /usr/local/ps3dev/ppu/lib/gcc/powerpc64-ps3-elf/7.2.0/../../../../powerpc64-ps3-elf/lib/libc.a(lib_a-malign.o)
                0x0000000000021e78                .memalign
 .text          0x0000000000021ed0        0x0 /usr/local/ps3dev/ppu/lib/gcc/powerpc64-ps3-elf/7.2.0/../../../../powerpc64-ps3-elf/lib/libc.a(lib_a-malignr.o)
 .text._memalign_r
                0x0000000000021ed0      0x224 /usr/local/ps3dev/ppu/lib/gcc/powerpc64-ps3-elf/7.2.0/../../../../powerpc64-ps3-elf/lib/libc.a(lib_a-malignr.o)
                0x0000000000021ed0                ._memalign_r
 .text          0x00000000000220f4        0x0 /usr/local/ps3dev/ppu/lib/gcc/powerpc64-ps3-elf/7.2.0/../../../../powerpc64-ps3-elf/lib/libc.a(lib_a-malloc.o)
 *fill*         0x00000000000220f4        0x4 60000000
 .text.malloc   0x00000000000220f8       0x48 /usr/local/ps3dev/ppu/lib/gcc/powerpc64-ps3-elf/7.2.0/../../../../powerpc64-ps3-elf/lib/libc.a(lib_a-malloc.o)
                0x00000000000220f8                .malloc
 .text.free     0x0000000000022140       0x48 /usr/local/ps3dev/ppu/lib/gcc/powerpc64-ps3-elf/7.2.0/../../../../powerpc64-ps3-elf/lib/libc.a(lib_a-malloc.o)
                0x0000000000022140                .free
 .text          0x0000000000022188        0x0 /usr/local/ps3dev/ppu/lib/gcc/powerpc64-ps3-elf/7.2.0/../../../../powerpc64-ps3-elf/lib/libc.a(lib_a-mallocr.o)
 .text._malloc_r
                0x0000000000022188      0x9e4 /usr/local/ps3dev/ppu/lib/gcc/powerpc64-ps3-elf/7.2.0/../../../../powerpc64-ps3-elf/lib/libc.a(lib_a-mallocr.o)
                0x0000000000022188                ._malloc_r
 .text          0x0000000000022b6c        0x0 /usr/local/ps3dev/ppu/lib/gcc/powerpc64-ps3-elf/7.2.0/../../../../powerpc64-ps3-elf/lib/libc.a(lib_a-memcpy.o)
 *fill*         0x0000000000022b6c        0x4 60000000
 .text.memcpy   0x0000000000022b70      0x11c /usr/local/ps3dev/ppu/lib/gcc/powerpc64-ps3-elf/7.2.0/../../../../powerpc64-ps3-elf/lib/libc.a(lib_a-memcpy.o)
                0x0000000000022b70                .memcpy
 .text          0x0000000000022c8c        0x0 /usr/local/ps3dev/ppu/lib/gcc/powerpc64-ps3-elf/7.2.0/../../../../powerpc64-ps3-elf/lib/libc.a(lib_a-memset.o)
 *fill*         0x0000000000022c8c        0x4 60000000
 .text.memset   0x0000000000022c90      0x138 /usr/local/ps3dev/ppu/lib/gcc/powerpc64-ps3-elf/7.2.0/../../../../powerpc64-ps3-elf/lib/libc.a(lib_a-memset.o)
                0x0000000000022c90                .memset
 .text          0x0000000000022dc8        0x0 /usr/local/ps3dev/ppu/lib/gcc/powerpc64-ps3-elf/7.2.0/../../../../powerpc64-ps3-elf/lib/libc.a(lib_a-mlock.o)
 .text.__malloc_lock
                0x0000000000022dc8       0x34 /usr/local/ps3dev/ppu/lib/gcc/powerpc64-ps3-elf/7.2.0/../../../../powerpc64-ps3-elf/lib/libc.a(lib_a-mlock.o)
                0x0000000000022dc8                .__malloc_lock
 *fill*         0x0000000000022dfc        0x4 60000000
 .text.__malloc_unlock
                0x0000000000022e00       0x34 /usr/local/ps3dev/ppu/lib/gcc/powerpc64-ps3-elf/7.2.0/../../../../powerpc64-ps3-elf/lib/libc.a(lib_a-mlock.o)
                0x0000000000022e00                .__malloc_unlock
 .text          0x0000000000022e34        0x0 /usr/local/ps3dev/ppu/lib/gcc/powerpc64-ps3-elf/7.2.0/../../../../powerpc64-ps3-elf/lib/libc.a(lib_a-puts.o)
 *fill*         0x0000000000022e34        0x4 60000000
 .text._puts_r  0x0000000000022e38       0xfc /usr/local/ps3dev/ppu/lib/gcc/powerpc64-ps3-elf/7.2.0/../../../../powerpc64-ps3-elf/lib/libc.a(lib_a-puts.o)
                0x0000000000022e38                ._puts_r
 *fill*         0x0000000000022f34        0x4 60000000
 .text.puts     0x0000000000022f38       0x40 /usr/local/ps3dev/ppu/lib/gcc/powerpc64-ps3-elf/7.2.0/../../../../powerpc64-ps3-elf/lib/libc.a(lib_a-puts.o)
                0x0000000000022f38                .puts
 .text          0x0000000000022f78        0x0 /usr/local/ps3dev/ppu/lib/gcc/powerpc64-ps3-elf/7.2.0/../../../../powerpc64-ps3-elf/lib/libc.a(lib_a-sscanf.o)
 .text.sscanf   0x0000000000022f78       0xa8 /usr/local/ps3dev/ppu/lib/gcc/powerpc64-ps3-elf/7.2.0/../../../../powerpc64-ps3-elf/lib/libc.a(lib_a-sscanf.o)
                0x0000000000022f78                .sscanf
 .text._sscanf_r
                0x0000000000023020       0xa8 /usr/local/ps3dev/ppu/lib/gcc/powerpc64-ps3-elf/7.2.0/../../../../powerpc64-ps3-elf/lib/libc.a(lib_a-sscanf.o)
                0x0000000000023020                ._sscanf_r
 .text          0x00000000000230c8        0x0 /usr/local/ps3dev/ppu/lib/gcc/powerpc64-ps3-elf/7.2.0/../../../../powerpc64-ps3-elf/lib/libc.a(lib_a-stdio.o)
 .text.__sread  0x00000000000230c8       0x7c /usr/local/ps3dev/ppu/lib/gcc/powerpc64-ps3-elf/7.2.0/../../../../powerpc64-ps3-elf/lib/libc.a(lib_a-stdio.o)
                0x00000000000230c8                .__sread
 *fill*         0x0000000000023144        0x4 60000000
 .text.__seofread
                0x0000000000023148       0x14 /usr/local/ps3dev/ppu/lib/gcc/powerpc64-ps3-elf/7.2.0/../../../../powerpc64-ps3-elf/lib/libc.a(lib_a-stdio.o)
                0x0000000000023148                .__seofread
 *fill*         0x000000000002315c        0x4 60000000
 .text.__swrite
                0x0000000000023160       0xb0 /usr/local/ps3dev/ppu/lib/gcc/powerpc64-ps3-elf/7.2.0/../../../../powerpc64-ps3-elf/lib/libc.a(lib_a-stdio.o)
                0x0000000000023160                .__swrite
 .text.__sseek  0x0000000000023210       0x78 /usr/local/ps3dev/ppu/lib/gcc/powerpc64-ps3-elf/7.2.0/../../../../powerpc64-ps3-elf/lib/libc.a(lib_a-stdio.o)
                0x0000000000023210                .__sseek
 .text.__sclose
                0x0000000000023288       0x38 /usr/local/ps3dev/ppu/lib/gcc/powerpc64-ps3-elf/7.2.0/../../../../powerpc64-ps3-elf/lib/libc.a(lib_a-stdio.o)
                0x0000000000023288                .__sclose
 .text          0x00000000000232c0        0x0 /usr/local/ps3dev/ppu/lib/gcc/powerpc64-ps3-elf/7.2.0/../../../../powerpc64-ps3-elf/lib/libc.a(lib_a-strcasecmp.o)
 .text.strcasecmp
                0x00000000000232c0       0x8c /usr/local/ps3dev/ppu/lib/gcc/powerpc64-ps3-elf/7.2.0/../../../../powerpc64-ps3-elf/lib/libc.a(lib_a-strcasecmp.o)
                0x00000000000232c0                .strcasecmp
 .text          0x000000000002334c        0x0 /usr/local/ps3dev/ppu/lib/gcc/powerpc64-ps3-elf/7.2.0/../../../../powerpc64-ps3-elf/lib/libc.a(lib_a-strlen.o)
 *fill*         0x000000000002334c        0x4 60000000
 .text.strlen   0x0000000000023350       0xc4 /usr/local/ps3dev/ppu/lib/gcc/powerpc64-ps3-elf/7.2.0/../../../../powerpc64-ps3-elf/lib/libc.a(lib_a-strlen.o)
                0x0000000000023350                .strlen
 .text          0x0000000000023414        0x0 /usr/local/ps3dev/ppu/lib/gcc/powerpc64-ps3-elf/7.2.0/../../../../powerpc64-ps3-elf/lib/libc.a(lib_a-strncpy.o)
 *fill*         0x0000000000023414        0x4 60000000
 .text.strncpy  0x0000000000023418      0x118 /usr/local/ps3dev/ppu/lib/gcc/powerpc64-ps3-elf/7.2.0/../../../../powerpc64-ps3-elf/lib/libc.a(lib_a-strncpy.o)
                0x0000000000023418                .strncpy
 .text          0x0000000000023530        0x0 /usr/local/ps3dev/ppu/lib/gcc/powerpc64-ps3-elf/7.2.0/../../../../powerpc64-ps3-elf/lib/libc.a(lib_a-svfscanf.o)
 .text.__ssvfscanf_r
                0x0000000000023530     0x1864 /usr/local/ps3dev/ppu/lib/gcc/powerpc64-ps3-elf/7.2.0/../../../../powerpc64-ps3-elf/lib/libc.a(lib_a-svfscanf.o)
                0x0000000000023530                .__ssvfscanf_r
 .text          0x0000000000024d94        0x0 /usr/local/ps3dev/ppu/lib/gcc/powerpc64-ps3-elf/7.2.0/../../../../powerpc64-ps3-elf/lib/libc.a(lib_a-vsnprintf.o)
 *fill*         0x0000000000024d94        0x4 60000000
 .text._vsnprintf_r
                0x0000000000024d98      0x104 /usr/local/ps3dev/ppu/lib/gcc/powerpc64-ps3-elf/7.2.0/../../../../powerpc64-ps3-elf/lib/libc.a(lib_a-vsnprintf.o)
                0x0000000000024d98                ._vsnprintf_r
 *fill*         0x0000000000024e9c        0x4 60000000
 .text.vsnprintf
                0x0000000000024ea0       0x70 /usr/local/ps3dev/ppu/lib/gcc/powerpc64-ps3-elf/7.2.0/../../../../powerpc64-ps3-elf/lib/libc.a(lib_a-vsnprintf.o)
                0x0000000000024ea0                .vsnprintf
 .text          0x0000000000024f10        0x0 /usr/local/ps3dev/ppu/lib/gcc/powerpc64-ps3-elf/7.2.0/../../../../powerpc64-ps3-elf/lib/libc.a(lib_a-vsprintf.o)
 .text._vsprintf_r
                0x0000000000024f10       0x70 /usr/local/ps3dev/ppu/lib/gcc/powerpc64-ps3-elf/7.2.0/../../../../powerpc64-ps3-elf/lib/libc.a(lib_a-vsprintf.o)
                0x0000000000024f10                ._vsprintf_r
 .text.vsprintf
                0x0000000000024f80       0x60 /usr/local/ps3dev/ppu/lib/gcc/powerpc64-ps3-elf/7.2.0/../../../../powerpc64-ps3-elf/lib/libc.a(lib_a-vsprintf.o)
                0x0000000000024f80                .vsprintf
 .text          0x0000000000024fe0        0x0 /usr/local/ps3dev/ppu/lib/gcc/powerpc64-ps3-elf/7.2.0/../../../../powerpc64-ps3-elf/lib/libc.a(lib_a-__atexit.o)
 .text.__register_exitproc
                0x0000000000024fe0      0x184 /usr/local/ps3dev/ppu/lib/gcc/powerpc64-ps3-elf/7.2.0/../../../../powerpc64-ps3-elf/lib/libc.a(lib_a-__atexit.o)
                0x0000000000024fe0                .__register_exitproc
 .text          0x0000000000025164        0x0 /usr/local/ps3dev/ppu/lib/gcc/powerpc64-ps3-elf/7.2.0/../../../../powerpc64-ps3-elf/lib/libc.a(lib_a-__call_atexit.o)
 *fill*         0x0000000000025164        0x4 60000000
 .text.__call_exitprocs
                0x0000000000025168      0x24c /usr/local/ps3dev/ppu/lib/gcc/powerpc64-ps3-elf/7.2.0/../../../../powerpc64-ps3-elf/lib/libc.a(lib_a-__call_atexit.o)
                0x0000000000025168                .__call_exitprocs
 .text          0x00000000000253b4        0x0 /usr/local/ps3dev/ppu/lib/gcc/powerpc64-ps3-elf/7.2.0/../../../../powerpc64-ps3-elf/lib/libc.a(lib_a-ctype_.o)
 .text          0x00000000000253b4        0x0 /usr/local/ps3dev/ppu/lib/gcc/powerpc64-ps3-elf/7.2.0/../../../../powerpc64-ps3-elf/lib/libc.a(lib_a-freer.o)
 *fill*         0x00000000000253b4        0x4 60000000
 .text._malloc_trim_r
                0x00000000000253b8      0x15c /usr/local/ps3dev/ppu/lib/gcc/powerpc64-ps3-elf/7.2.0/../../../../powerpc64-ps3-elf/lib/libc.a(lib_a-freer.o)
                0x00000000000253b8                ._malloc_trim_r
 *fill*         0x0000000000025514        0x4 60000000
 .text._free_r  0x0000000000025518      0x3b0 /usr/local/ps3dev/ppu/lib/gcc/powerpc64-ps3-elf/7.2.0/../../../../powerpc64-ps3-elf/lib/libc.a(lib_a-freer.o)
                0x0000000000025518                ._free_r
 .text          0x00000000000258c8        0x0 /usr/local/ps3dev/ppu/lib/gcc/powerpc64-ps3-elf/7.2.0/../../../../powerpc64-ps3-elf/lib/libc.a(lib_a-fvwrite.o)
 .text.__sfvwrite_r
                0x00000000000258c8      0x688 /usr/local/ps3dev/ppu/lib/gcc/powerpc64-ps3-elf/7.2.0/../../../../powerpc64-ps3-elf/lib/libc.a(lib_a-fvwrite.o)
                0x00000000000258c8                .__sfvwrite_r
 .text          0x0000000000025f50        0x0 /usr/local/ps3dev/ppu/lib/gcc/powerpc64-ps3-elf/7.2.0/../../../../powerpc64-ps3-elf/lib/libc.a(lib_a-iswspace.o)
 .text.iswspace
                0x0000000000025f50       0x3c /usr/local/ps3dev/ppu/lib/gcc/powerpc64-ps3-elf/7.2.0/../../../../powerpc64-ps3-elf/lib/libc.a(lib_a-iswspace.o)
                0x0000000000025f50                .iswspace
 .text          0x0000000000025f8c        0x0 /usr/local/ps3dev/ppu/lib/gcc/powerpc64-ps3-elf/7.2.0/../../../../powerpc64-ps3-elf/lib/libc.a(lib_a-locale.o)
 *fill*         0x0000000000025f8c        0x4 60000000
 .text._setlocale_r
                0x0000000000025f90       0xb4 /usr/local/ps3dev/ppu/lib/gcc/powerpc64-ps3-elf/7.2.0/../../../../powerpc64-ps3-elf/lib/libc.a(lib_a-locale.o)
                0x0000000000025f90                ._setlocale_r
 *fill*         0x0000000000026044        0x4 60000000
 .text.__locale_charset
                0x0000000000026048       0x14 /usr/local/ps3dev/ppu/lib/gcc/powerpc64-ps3-elf/7.2.0/../../../../powerpc64-ps3-elf/lib/libc.a(lib_a-locale.o)
                0x0000000000026048                .__locale_charset
 *fill*         0x000000000002605c        0x4 60000000
 .text.__locale_mb_cur_max
                0x0000000000026060       0x1c /usr/local/ps3dev/ppu/lib/gcc/powerpc64-ps3-elf/7.2.0/../../../../powerpc64-ps3-elf/lib/libc.a(lib_a-locale.o)
                0x0000000000026060                .__locale_mb_cur_max
 *fill*         0x000000000002607c        0x4 60000000
 .text.__locale_msgcharset
                0x0000000000026080       0x14 /usr/local/ps3dev/ppu/lib/gcc/powerpc64-ps3-elf/7.2.0/../../../../powerpc64-ps3-elf/lib/libc.a(lib_a-locale.o)
                0x0000000000026080                .__locale_msgcharset
 *fill*         0x0000000000026094        0x4 60000000
 .text.__locale_cjk_lang
                0x0000000000026098       0x14 /usr/local/ps3dev/ppu/lib/gcc/powerpc64-ps3-elf/7.2.0/../../../../powerpc64-ps3-elf/lib/libc.a(lib_a-locale.o)
                0x0000000000026098                .__locale_cjk_lang
 *fill*         0x00000000000260ac        0x4 60000000
 .text._localeconv_r
                0x00000000000260b0       0x14 /usr/local/ps3dev/ppu/lib/gcc/powerpc64-ps3-elf/7.2.0/../../../../powerpc64-ps3-elf/lib/libc.a(lib_a-locale.o)
                0x00000000000260b0                ._localeconv_r
 *fill*         0x00000000000260c4        0x4 60000000
 .text.setlocale
                0x00000000000260c8       0x50 /usr/local/ps3dev/ppu/lib/gcc/powerpc64-ps3-elf/7.2.0/../../../../powerpc64-ps3-elf/lib/libc.a(lib_a-locale.o)
                0x00000000000260c8                .setlocale
 .text.localeconv
                0x0000000000026118       0x34 /usr/local/ps3dev/ppu/lib/gcc/powerpc64-ps3-elf/7.2.0/../../../../powerpc64-ps3-elf/lib/libc.a(lib_a-locale.o)
                0x0000000000026118                .localeconv
 .text          0x000000000002614c        0x0 /usr/local/ps3dev/ppu/lib/gcc/powerpc64-ps3-elf/7.2.0/../../../../powerpc64-ps3-elf/lib/libc.a(lib_a-lock_recursive.o)
 *fill*         0x000000000002614c        0x4 60000000
 .text.__libc_lock_init_recursive
                0x0000000000026150       0x34 /usr/local/ps3dev/ppu/lib/gcc/powerpc64-ps3-elf/7.2.0/../../../../powerpc64-ps3-elf/lib/libc.a(lib_a-lock_recursive.o)
                0x0000000000026150                .__libc_lock_init_recursive
 *fill*         0x0000000000026184        0x4 60000000
 .text.__libc_lock_close_recursive
                0x0000000000026188       0x30 /usr/local/ps3dev/ppu/lib/gcc/powerpc64-ps3-elf/7.2.0/../../../../powerpc64-ps3-elf/lib/libc.a(lib_a-lock_recursive.o)
                0x0000000000026188                .__libc_lock_close_recursive
 .text.__libc_lock_acquire_recursive
                0x00000000000261b8       0x58 /usr/local/ps3dev/ppu/lib/gcc/powerpc64-ps3-elf/7.2.0/../../../../powerpc64-ps3-elf/lib/libc.a(lib_a-lock_recursive.o)
                0x00000000000261b8                .__libc_lock_acquire_recursive
 .text.__libc_lock_try_acquire_recursive
                0x0000000000026210       0x54 /usr/local/ps3dev/ppu/lib/gcc/powerpc64-ps3-elf/7.2.0/../../../../powerpc64-ps3-elf/lib/libc.a(lib_a-lock_recursive.o)
                0x0000000000026210                .__libc_lock_try_acquire_recursive
 *fill*         0x0000000000026264        0x4 60000000
 .text.__libc_lock_release_recursive
                0x0000000000026268       0x54 /usr/local/ps3dev/ppu/lib/gcc/powerpc64-ps3-elf/7.2.0/../../../../powerpc64-ps3-elf/lib/libc.a(lib_a-lock_recursive.o)
                0x0000000000026268                .__libc_lock_release_recursive
 .text          0x00000000000262bc        0x0 /usr/local/ps3dev/ppu/lib/gcc/powerpc64-ps3-elf/7.2.0/../../../../powerpc64-ps3-elf/lib/libc.a(lib_a-mbrtowc.o)
 *fill*         0x00000000000262bc        0x4 60000000
 .text._mbrtowc_r
                0x00000000000262c0      0x128 /usr/local/ps3dev/ppu/lib/gcc/powerpc64-ps3-elf/7.2.0/../../../../powerpc64-ps3-elf/lib/libc.a(lib_a-mbrtowc.o)
                0x00000000000262c0                ._mbrtowc_r
 .text.mbrtowc  0x00000000000263e8      0x164 /usr/local/ps3dev/ppu/lib/gcc/powerpc64-ps3-elf/7.2.0/../../../../powerpc64-ps3-elf/lib/libc.a(lib_a-mbrtowc.o)
                0x00000000000263e8                .mbrtowc
 .text          0x000000000002654c        0x0 /usr/local/ps3dev/ppu/lib/gcc/powerpc64-ps3-elf/7.2.0/../../../../powerpc64-ps3-elf/lib/libc.a(lib_a-mbtowc_r.o)
 *fill*         0x000000000002654c        0x4 60000000
 .text.__ascii_mbtowc
                0x0000000000026550       0x64 /usr/local/ps3dev/ppu/lib/gcc/powerpc64-ps3-elf/7.2.0/../../../../powerpc64-ps3-elf/lib/libc.a(lib_a-mbtowc_r.o)
                0x0000000000026550                .__ascii_mbtowc
 *fill*         0x00000000000265b4        0x4 60000000
 .text._mbtowc_r
                0x00000000000265b8       0x98 /usr/local/ps3dev/ppu/lib/gcc/powerpc64-ps3-elf/7.2.0/../../../../powerpc64-ps3-elf/lib/libc.a(lib_a-mbtowc_r.o)
                0x00000000000265b8                ._mbtowc_r
 .text          0x0000000000026650        0x0 /usr/local/ps3dev/ppu/lib/gcc/powerpc64-ps3-elf/7.2.0/../../../../powerpc64-ps3-elf/lib/libc.a(lib_a-memchr.o)
 .text.memchr   0x0000000000026650      0x130 /usr/local/ps3dev/ppu/lib/gcc/powerpc64-ps3-elf/7.2.0/../../../../powerpc64-ps3-elf/lib/libc.a(lib_a-memchr.o)
                0x0000000000026650                .memchr
 .text          0x0000000000026780        0x0 /usr/local/ps3dev/ppu/lib/gcc/powerpc64-ps3-elf/7.2.0/../../../../powerpc64-ps3-elf/lib/libc.a(lib_a-memmove.o)
 .text.memmove  0x0000000000026780      0x154 /usr/local/ps3dev/ppu/lib/gcc/powerpc64-ps3-elf/7.2.0/../../../../powerpc64-ps3-elf/lib/libc.a(lib_a-memmove.o)
                0x0000000000026780                .memmove
 .text          0x00000000000268d4        0x0 /usr/local/ps3dev/ppu/lib/gcc/powerpc64-ps3-elf/7.2.0/../../../../powerpc64-ps3-elf/lib/libc.a(lib_a-reallocr.o)
 *fill*         0x00000000000268d4        0x4 60000000
 .text._realloc_r
                0x00000000000268d8      0x6c4 /usr/local/ps3dev/ppu/lib/gcc/powerpc64-ps3-elf/7.2.0/../../../../powerpc64-ps3-elf/lib/libc.a(lib_a-reallocr.o)
                0x00000000000268d8                ._realloc_r
 .text          0x0000000000026f9c        0x0 /usr/local/ps3dev/ppu/lib/gcc/powerpc64-ps3-elf/7.2.0/../../../../powerpc64-ps3-elf/lib/libc.a(lib_a-sccl.o)
 *fill*         0x0000000000026f9c        0x4 60000000
 .text.__sccl   0x0000000000026fa0      0x120 /usr/local/ps3dev/ppu/lib/gcc/powerpc64-ps3-elf/7.2.0/../../../../powerpc64-ps3-elf/lib/libc.a(lib_a-sccl.o)
                0x0000000000026fa0                .__sccl
 .text          0x00000000000270c0        0x0 /usr/local/ps3dev/ppu/lib/gcc/powerpc64-ps3-elf/7.2.0/../../../../powerpc64-ps3-elf/lib/libc.a(lib_a-sf_nan.o)
 .text.nanf     0x00000000000270c0       0x18 /usr/local/ps3dev/ppu/lib/gcc/powerpc64-ps3-elf/7.2.0/../../../../powerpc64-ps3-elf/lib/libc.a(lib_a-sf_nan.o)
                0x00000000000270c0                .nanf
 .text          0x00000000000270d8        0x0 /usr/local/ps3dev/ppu/lib/gcc/powerpc64-ps3-elf/7.2.0/../../../../powerpc64-ps3-elf/lib/libc.a(lib_a-sprintf.o)
 .text._sprintf_r
                0x00000000000270d8       0x84 /usr/local/ps3dev/ppu/lib/gcc/powerpc64-ps3-elf/7.2.0/../../../../powerpc64-ps3-elf/lib/libc.a(lib_a-sprintf.o)
                0x00000000000270d8                ._sprintf_r
 *fill*         0x000000000002715c        0x4 60000000
 .text.sprintf  0x0000000000027160       0xa0 /usr/local/ps3dev/ppu/lib/gcc/powerpc64-ps3-elf/7.2.0/../../../../powerpc64-ps3-elf/lib/libc.a(lib_a-sprintf.o)
                0x0000000000027160                .sprintf
 .text          0x0000000000027200        0x0 /usr/local/ps3dev/ppu/lib/gcc/powerpc64-ps3-elf/7.2.0/../../../../powerpc64-ps3-elf/lib/libc.a(lib_a-strcmp.o)
 .text.strcmp   0x0000000000027200       0xf4 /usr/local/ps3dev/ppu/lib/gcc/powerpc64-ps3-elf/7.2.0/../../../../powerpc64-ps3-elf/lib/libc.a(lib_a-strcmp.o)
                0x0000000000027200                .strcmp
 .text          0x00000000000272f4        0x0 /usr/local/ps3dev/ppu/lib/gcc/powerpc64-ps3-elf/7.2.0/../../../../powerpc64-ps3-elf/lib/libc.a(lib_a-strtod.o)
 *fill*         0x00000000000272f4        0x4 60000000
 .text._strtod_r
                0x00000000000272f8     0x1630 /usr/local/ps3dev/ppu/lib/gcc/powerpc64-ps3-elf/7.2.0/../../../../powerpc64-ps3-elf/lib/libc.a(lib_a-strtod.o)
                0x00000000000272f8                ._strtod_r
 .text.strtod   0x0000000000028928       0x50 /usr/local/ps3dev/ppu/lib/gcc/powerpc64-ps3-elf/7.2.0/../../../../powerpc64-ps3-elf/lib/libc.a(lib_a-strtod.o)
                0x0000000000028928                .strtod
 .text.strtof   0x0000000000028978       0x98 /usr/local/ps3dev/ppu/lib/gcc/powerpc64-ps3-elf/7.2.0/../../../../powerpc64-ps3-elf/lib/libc.a(lib_a-strtod.o)
                0x0000000000028978                .strtof
 .text          0x0000000000028a10        0x0 /usr/local/ps3dev/ppu/lib/gcc/powerpc64-ps3-elf/7.2.0/../../../../powerpc64-ps3-elf/lib/libc.a(lib_a-strtol.o)
 .text._strtol_r
                0x0000000000028a10      0x264 /usr/local/ps3dev/ppu/lib/gcc/powerpc64-ps3-elf/7.2.0/../../../../powerpc64-ps3-elf/lib/libc.a(lib_a-strtol.o)
                0x0000000000028a10                ._strtol_r
 *fill*         0x0000000000028c74        0x4 60000000
 .text.strtol   0x0000000000028c78       0x60 /usr/local/ps3dev/ppu/lib/gcc/powerpc64-ps3-elf/7.2.0/../../../../powerpc64-ps3-elf/lib/libc.a(lib_a-strtol.o)
                0x0000000000028c78                .strtol
 .text          0x0000000000028cd8        0x0 /usr/local/ps3dev/ppu/lib/gcc/powerpc64-ps3-elf/7.2.0/../../../../powerpc64-ps3-elf/lib/libc.a(lib_a-strtoll_r.o)
 .text._strtoll_r
                0x0000000000028cd8      0x264 /usr/local/ps3dev/ppu/lib/gcc/powerpc64-ps3-elf/7.2.0/../../../../powerpc64-ps3-elf/lib/libc.a(lib_a-strtoll_r.o)
                0x0000000000028cd8                ._strtoll_r
 .text          0x0000000000028f3c        0x0 /usr/local/ps3dev/ppu/lib/gcc/powerpc64-ps3-elf/7.2.0/../../../../powerpc64-ps3-elf/lib/libc.a(lib_a-strtoul.o)
 *fill*         0x0000000000028f3c        0x4 60000000
 .text._strtoul_r
                0x0000000000028f40      0x268 /usr/local/ps3dev/ppu/lib/gcc/powerpc64-ps3-elf/7.2.0/../../../../powerpc64-ps3-elf/lib/libc.a(lib_a-strtoul.o)
                0x0000000000028f40                ._strtoul_r